Component: ARM Compiler 5.06 update 5 (build 528) Tool: armlink [4d35e2]

==============================================================================

Section Cross References

    main.o(.text) refers to _printf_percent.o(.ARM.Collect$$_printf_percent$$00000000) for _printf_percent
    main.o(.text) refers to _printf_d.o(.ARM.Collect$$_printf_percent$$00000009) for _printf_d
    main.o(.text) refers to _printf_dec.o(.text) for _printf_int_dec
    main.o(.text) refers to __2printf.o(.text) for __2printf
    main.o(.text) refers to misc.o(.text) for NVIC_PriorityGroupConfig
    main.o(.text) refers to delay.o(.text) for delay_init
    main.o(.text) refers to usart.o(.text) for uart_init
    main.o(.text) refers to usart3.o(.text) for usart3_init
    main.o(.text) refers to key.o(.text) for KEY_Init
    main.o(.text) refers to led.o(.text) for LED_Init
    main.o(.text) refers to oled.o(.text) for OLED_Init
    main.o(.text) refers to rtc.o(.text) for My_RTC_Init
    main.o(.text) refers to malloc.o(.text) for my_mem_init
    main.o(.text) refers to wifi_sta.o(.text) for atk_8266_test
    main.o(.text) refers to sdio_sdcard.o(.bss) for SDCardInfo
    main.o(.text) refers to usmart_config.o(.data) for usmart_dev
    main.o(.text) refers to rtc.o(.data) for voice_flag
    system_stm32f4xx.o(.text) refers to system_stm32f4xx.o(.data) for SystemCoreClock
    led.o(.text) refers to stm32f4xx_rcc.o(.text) for RCC_AHB1PeriphClockCmd
    led.o(.text) refers to stm32f4xx_gpio.o(.text) for GPIO_Init
    oled.o(.text) refers to stm32f4xx_rcc.o(.text) for RCC_AHB1PeriphClockCmd
    oled.o(.text) refers to stm32f4xx_gpio.o(.text) for GPIO_Init
    oled.o(.text) refers to oled.o(.bss) for OLED_GRAM
    oled.o(.text) refers to oled.o(.constdata) for asc2_1206
    oled.o(.text) refers to delay.o(.text) for delay_ms
    rtc.o(.text) refers to _printf_pad.o(.text) for _printf_pre_padding
    rtc.o(.text) refers to _printf_percent.o(.ARM.Collect$$_printf_percent$$00000000) for _printf_percent
    rtc.o(.text) refers to _printf_d.o(.ARM.Collect$$_printf_percent$$00000009) for _printf_d
    rtc.o(.text) refers to _printf_dec.o(.text) for _printf_int_dec
    rtc.o(.text) refers to stm32f4xx_rtc.o(.text) for RTC_SetTime
    rtc.o(.text) refers to stm32f4xx_rcc.o(.text) for RCC_APB1PeriphClockCmd
    rtc.o(.text) refers to stm32f4xx_pwr.o(.text) for PWR_BackupAccessCmd
    rtc.o(.text) refers to delay.o(.text) for delay_ms
    rtc.o(.text) refers to stm32f4xx_exti.o(.text) for EXTI_ClearITPendingBit
    rtc.o(.text) refers to misc.o(.text) for NVIC_Init
    rtc.o(.text) refers to __2sprintf.o(.text) for __2sprintf
    rtc.o(.text) refers to oled.o(.text) for OLED_ShowString
    rtc.o(.text) refers to rtc.o(.data) for NVIC_InitStructure
    rtc.o(.text) refers to rtc.o(.bss) for tbuf
    rtc.o(.text) refers to usart.o(.data) for Uart_RecvFlag
    sram.o(.text) refers to stm32f4xx_rcc.o(.text) for RCC_AHB1PeriphClockCmd
    sram.o(.text) refers to stm32f4xx_gpio.o(.text) for GPIO_Init
    sram.o(.text) refers to stm32f4xx_fsmc.o(.text) for FSMC_NORSRAMInit
    sdio_sdcard.o(.text) refers to stm32f4xx_sdio.o(.text) for SDIO_GetFlagStatus
    sdio_sdcard.o(.text) refers to sdio_sdcard.o(.data) for DeviceMode
    sdio_sdcard.o(.text) refers to sdio_sdcard.o(.bss) for SDIO_CmdInitStructure
    sdio_sdcard.o(.text) refers to stm32f4xx_rcc.o(.text) for RCC_AHB1PeriphClockCmd
    sdio_sdcard.o(.text) refers to stm32f4xx_gpio.o(.text) for GPIO_Init
    sdio_sdcard.o(.text) refers to misc.o(.text) for NVIC_Init
    sdio_sdcard.o(.text) refers to stm32f4xx_dma.o(.text) for DMA_GetCmdStatus
    sdio_sdcard.o(.text) refers to sys.o(.emb_text) for INTX_DISABLE
    sdio_sdcard.o(.text) refers to rt_memcpy_v6.o(.text) for __aeabi_memcpy
    key.o(.text) refers to stm32f4xx_rcc.o(.text) for RCC_AHB1PeriphClockCmd
    key.o(.text) refers to stm32f4xx_gpio.o(.text) for GPIO_Init
    key.o(.text) refers to delay.o(.text) for delay_ms
    key.o(.text) refers to key.o(.data) for key_up
    usart3.o(.text) refers to stm32f4xx_usart.o(.text) for USART_GetITStatus
    usart3.o(.text) refers to stm32f4xx_tim.o(.text) for TIM_SetCounter
    usart3.o(.text) refers to stm32f4xx_rcc.o(.text) for RCC_AHB1PeriphClockCmd
    usart3.o(.text) refers to stm32f4xx_gpio.o(.text) for GPIO_PinAFConfig
    usart3.o(.text) refers to misc.o(.text) for NVIC_Init
    usart3.o(.text) refers to timer.o(.text) for TIM7_Int_Init
    usart3.o(.text) refers to c89vsprintf.o(.text) for __c89vsprintf
    usart3.o(.text) refers to strlen.o(.text) for strlen
    usart3.o(.text) refers to usart3.o(.data) for USART3_RX_STA
    usart3.o(.text) refers to usart3.o(.bss) for USART3_RX_BUF
    timer.o(.text) refers to stm32f4xx_tim.o(.text) for TIM_GetITStatus
    timer.o(.text) refers to stm32f4xx_rcc.o(.text) for RCC_APB1PeriphClockCmd
    timer.o(.text) refers to misc.o(.text) for NVIC_Init
    timer.o(.text) refers to usart3.o(.data) for USART3_RX_STA
[...]
    SD_WriteMultiBlocks                      0x08002833   Thumb Code   976  sdio_sdcard.o(.text)
    SD_ProcessIRQSrc                         0x08002c03   Thumb Code   322  sdio_sdcard.o(.text)
    SDIO_IRQHandler                          0x08002d45   Thumb Code     8  sdio_sdcard.o(.text)
    SD_SendStatus                            0x08002d4d   Thumb Code    74  sdio_sdcard.o(.text)
    SD_GetState                              0x08002d97   Thumb Code    26  sdio_sdcard.o(.text)
    SD_ReadDisk                              0x08002db1   Thumb Code   188  sdio_sdcard.o(.text)
    SD_WriteDisk                             0x08002e6d   Thumb Code   148  sdio_sdcard.o(.text)
    KEY_Init                                 0x08002f05   Thumb Code    60  key.o(.text)
    KEY_Scan                                 0x08002f41   Thumb Code   188  key.o(.text)
    USART3_IRQHandler                        0x08003009   Thumb Code    96  usart3.o(.text)
    usart3_init                              0x08003069   Thumb Code   198  usart3.o(.text)
    u3_printf                                0x0800312f   Thumb Code    72  usart3.o(.text)
    TIM7_IRQHandler                          0x08003191   Thumb Code    42  timer.o(.text)
    TIM7_Int_Init                            0x080031bb   Thumb Code    78  timer.o(.text)
    delay_init                               0x08003211   Thumb Code    52  delay.o(.text)
    delay_us                                 0x08003245   Thumb Code    72  delay.o(.text)
    delay_xms                                0x0800328d   Thumb Code    72  delay.o(.text)
    delay_ms                                 0x080032d5   Thumb Code    56  delay.o(.text)
    _sys_exit                                0x08003315   Thumb Code     4  usart.o(.text)
    fputc                                    0x08003319   Thumb Code    22  usart.o(.text)
    uart_init                                0x0800332f   Thumb Code   164  usart.o(.text)
    USART1_IRQHandler                        0x080033d3   Thumb Code   136  usart.o(.text)
    Reset_Handler                            0x08003471   Thumb Code     8  startup_stm32f40_41xxx.o(.text)
    ADC_IRQHandler                           0x0800348b   Thumb Code     0  startup_stm32f40_41xxx.o(.text)
    CAN1_RX0_IRQHandler                      0x0800348b   Thumb Code     0  startup_stm32f40_41xxx.o(.text)
    CAN1_RX1_IRQHandler                      0x0800348b   Thumb Code     0  startup_stm32f40_41xxx.o(.text)
    CAN1_SCE_IRQHandler                      0x0800348b   Thumb Code     0  startup_stm32f40_41xxx.o(.text)
    CAN1_TX_IRQHandler                       0x0800348b   Thumb Code     0  startup_stm32f40_41xxx.o(.text)
    CAN2_RX0_IRQHandler                      0x0800348b   Thumb Code     0  startup_stm32f40_41xxx.o(.text)
    CAN2_RX1_IRQHandler                      0x0800348b   Thumb Code     0  startup_stm32f40_41xxx.o(.text)
    CAN2_SCE_IRQHandler                      0x0800348b   Thumb Code     0  startup_stm32f40_41xxx.o(.text)
    CAN2_TX_IRQHandler                       0x0800348b   Thumb Code     0  startup_stm32f40_41xxx.o(.text)
    CRYP_IRQHandler                          0x0800348b   Thumb Code     0  startup_stm32f40_41xxx.o(.text)
    DCMI_IRQHandler                          0x0800348b   Thumb Code     0  startup_stm32f40_41xxx.o(.text)
    DMA1_Stream0_IRQHandler                  0x0800348b   Thumb Code     0  startup_stm32f40_41xxx.o(.text)
    DMA1_Stream1_IRQHandler                  0x0800348b   Thumb Code     0  startup_stm32f40_41xxx.o(.text)
    DMA1_Stream2_IRQHandler                  0x0800348b   Thumb Code     0  startup_stm32f40_41xxx.o(.text)
    DMA1_Stream3_IRQHandler                  0x0800348b   Thumb Code     0  startup_stm32f40_41xxx.o(.text)
    DMA1_Stream4_IRQHandler                  0x0800348b   Thumb Code     0  startup_stm32f40_41xxx.o(.text)
    DMA1_Stream5_IRQHandler                  0x0800348b   Thumb Code     0  startup_stm32f40_41xxx.o(.text)
    DMA1_Stream6_IRQHandler                  0x0800348b   Thumb Code     0  startup_stm32f40_41xxx.o(.text)
    DMA1_Stream7_IRQHandler                  0x0800348b   Thumb Code     0  startup_stm32f40_41xxx.o(.text)
    DMA2_Stream0_IRQHandler                  0x0800348b   Thumb Code     0  startup_stm32f40_41xxx.o(.text)
    DMA2_Stream1_IRQHandler                  0x0800348b   Thumb Code     0  startup_stm32f40_41xxx.o(.text)
    DMA2_Stream2_IRQHandler                  0x0800348b   Thumb Code     0  startup_stm32f40_41xxx.o(.text)
    DMA2_Stream3_IRQHandler                  0x0800348b   Thumb Code     0  startup_stm32f40_41xxx.o(.text)
    DMA2_Stream4_IRQHandler                  0x0800348b   Thumb Code     0  startup_stm32f40_41xxx.o(.text)
    DMA2_Stream5_IRQHandler                  0x0800348b   Thumb Code     0  startup_stm32f40_41xxx.o(.text)
    DMA2_Stream6_IRQHandler                  0x0800348b   Thumb Code     0  startup_stm32f40_41xxx.o(.text)
    DMA2_Stream7_IRQHandler                  0x0800348b   Thumb Code     0  startup_stm32f40_41xxx.o(.text)
    ETH_IRQHandler                           0x0800348b   Thumb Code     0  startup_stm32f40_41xxx.o(.text)
    ETH_WKUP_IRQHandler                      0x0800348b   Thumb Code     0  startup_stm32f40_41xxx.o(.text)
    EXTI0_IRQHandler                         0x0800348b   Thumb Code     0  startup_stm32f40_41xxx.o(.text)
    EXTI15_10_IRQHandler                     0x0800348b   Thumb Code     0  startup_stm32f40_41xxx.o(.text)
    EXTI1_IRQHandler                         0x0800348b   Thumb Code     0  startup_stm32f40_41xxx.o(.text)
    EXTI2_IRQHandler                         0x0800348b   Thumb Code     0  startup_stm32f40_41xxx.o(.text)
    EXTI3_IRQHandler                         0x0800348b   Thumb Code     0  startup_stm32f40_41xxx.o(.text)
    EXTI4_IRQHandler                         0x0800348b   Thumb Code     0  startup_stm32f40_41xxx.o(.text)
    EXTI9_5_IRQHandler                       0x0800348b   Thumb Code     0  startup_stm32f40_41xxx.o(.text)
    FLASH_IRQHandler                         0x0800348b   Thumb Code     0  startup_stm32f40_41xxx.o(.text)
    FPU_IRQHandler                           0x0800348b   Thumb Code     0  startup_stm32f40_41xxx.o(.text)
    FSMC_IRQHandler                          0x0800348b   Thumb Code     0  startup_stm32f40_41xxx.o(.text)
    HASH_RNG_IRQHandler                      0x0800348b   Thumb Code     0  startup_stm32f40_41xxx.o(.text)
    I2C1_ER_IRQHandler                       0x0800348b   Thumb Code     0  startup_stm32f40_41xxx.o(.text)
    I2C1_EV_IRQHandler                       0x0800348b   Thumb Code     0  startup_stm32f40_41xxx.o(.text)
    I2C2_ER_IRQHandler                       0x0800348b   Thumb Code     0  startup_stm32f40_41xxx.o(.text)
    I2C2_EV_IRQHandler                       0x0800348b   Thumb Code     0  startup_stm32f40_41xxx.o(.text)
    I2C3_ER_IRQHandler                       0x0800348b   Thumb Code     0  startup_stm32f40_41xxx.o(.text)
    I2C3_EV_IRQHandler                       0x0800348b   Thumb Code     0  startup_stm32f40_41xxx.o(.text)
    OTG_FS_IRQHandler                        0x0800348b   Thumb Code     0  startup_stm32f40_41xxx.o(.text)
    OTG_FS_WKUP_IRQHandler                   0x0800348b   Thumb Code     0  startup_stm32f40_41xxx.o(.text)
    OTG_HS_EP1_IN_IRQHandler                 0x0800348b   Thumb Code     0  startup_stm32f40_41xxx.o(.text)
    OTG_HS_EP1_OUT_IRQHandler                0x0800348b   Thumb Code     0  startup_stm32f40_41xxx.o(.text)
    OTG_HS_IRQHandler                        0x0800348b   Thumb Code     0  startup_stm32f40_41xxx.o(.text)
    OTG_HS_WKUP_IRQHandler                   0x0800348b   Thumb Code     0  startup_stm32f40_41xxx.o(.text)
    PVD_IRQHandler                           0x0800348b   Thumb Code     0  startup_stm32f40_41xxx.o(.text)
    RCC_IRQHandler                           0x0800348b   Thumb Code     0  startup_stm32f40_41xxx.o(.text)
    SPI1_IRQHandler                          0x0800348b   Thumb Code     0  startup_stm32f40_41xxx.o(.text)
    SPI2_IRQHandler                          0x0800348b   Thumb Code     0  startup_stm32f40_41xxx.o(.text)
    SPI3_IRQHandler                          0x0800348b   Thumb Code     0  startup_stm32f40_41xxx.o(.text)
    TAMP_STAMP_IRQHandler                    0x0800348b   Thumb Code     0  startup_stm32f40_41xxx.o(.text)
    TIM1_BRK_TIM9_IRQHandler                 0x0800348b   Thumb Code     0  startup_stm32f40_41xxx.o(.text)
    TIM1_CC_IRQHandler                       0x0800348b   Thumb Code     0  startup_stm32f40_41xxx.o(.text)
    TIM1_TRG_COM_TIM11_IRQHandler            0x0800348b   Thumb Code     0  startup_stm32f40_41xxx.o(.text)
    TIM1_UP_TIM10_IRQHandler                 0x0800348b   Thumb Code     0  startup_stm32f40_41xxx.o(.text)
    TIM2_IRQHandler                          0x0800348b   Thumb Code     0  startup_stm32f40_41xxx.o(.text)
    TIM3_IRQHandler                          0x0800348b   Thumb Code     0  startup_stm32f40_41xxx.o(.text)
    TIM5_IRQHandler                          0x0800348b   Thumb Code     0  startup_stm32f40_41xxx.o(.text)
    TIM6_DAC_IRQHandler                      0x0800348b   Thumb Code     0  startup_stm32f40_41xxx.o(.text)
    TIM8_BRK_TIM12_IRQHandler                0x0800348b   Thumb Code     0  startup_stm32f40_41xxx.o(.text)
    TIM8_CC_IRQHandler                       0x0800348b   Thumb Code     0  startup_stm32f40_41xxx.o(.text)
    TIM8_TRG_COM_TIM14_IRQHandler            0x0800348b   Thumb Code     0  startup_stm32f40_41xxx.o(.text)
    TIM8_UP_TIM13_IRQHandler                 0x0800348b   Thumb Code     0  startup_stm32f40_41xxx.o(.text)
    UART4_IRQHandler                         0x0800348b   Thumb Code     0  startup_stm32f40_41xxx.o(.text)
    UART5_IRQHandler                         0x0800348b   Thumb Code     0  startup_stm32f40_41xxx.o(.text)
    USART2_IRQHandler                        0x0800348b   Thumb Code     0  startup_stm32f40_41xxx.o(.text)
    USART6_IRQHandler                        0x0800348b   Thumb Code     0  startup_stm32f40_41xxx.o(.text)
    WWDG_IRQHandler                          0x0800348b   Thumb Code     0  startup_stm32f40_41xxx.o(.text)
    __user_initial_stackheap                 0x0800348d   Thumb Code     0  startup_stm32f40_41xxx.o(.text)
    NVIC_PriorityGroupConfig                 0x080034b1   Thumb Code    10  misc.o(.text)
    NVIC_Init                                0x080034bb   Thumb Code   106  misc.o(.text)
    NVIC_SetVectorTable                      0x08003525   Thumb Code    14  misc.o(.text)
    NVIC_SystemLPConfig                      0x08003533   Thumb Code    34  misc.o(.text)
    SysTick_CLKSourceConfig                  0x08003555   Thumb Code    40  misc.o(.text)
    GPIO_DeInit                              0x08003591   Thumb Code   268  stm32f4xx_gpio.o(.text)
    GPIO_Init                                0x0800369d   Thumb Code   144  stm32f4xx_gpio.o(.text)
    GPIO_StructInit                          0x0800372d   Thumb Code    18  stm32f4xx_gpio.o(.text)
    GPIO_PinLockConfig                       0x0800373f   Thumb Code    34  stm32f4xx_gpio.o(.text)
    GPIO_ReadInputDataBit                    0x08003761   Thumb Code    18  stm32f4xx_gpio.o(.text)
    GPIO_ReadInputData                       0x08003773   Thumb Code     8  stm32f4xx_gpio.o(.text)
    GPIO_ReadOutputDataBit                   0x0800377b   Thumb Code    18  stm32f4xx_gpio.o(.text)
    GPIO_ReadOutputData                      0x0800378d   Thumb Code     8  stm32f4xx_gpio.o(.text)
    GPIO_SetBits                             0x08003795   Thumb Code     4  stm32f4xx_gpio.o(.text)
    GPIO_ResetBits                           0x08003799   Thumb Code     4  stm32f4xx_gpio.o(.text)
    GPIO_WriteBit                            0x0800379d   Thumb Code    10  stm32f4xx_gpio.o(.text)
    GPIO_Write                               0x080037a7   Thumb Code     4  stm32f4xx_gpio.o(.text)
    GPIO_ToggleBits                          0x080037ab   Thumb Code     8  stm32f4xx_gpio.o(.text)
    GPIO_PinAFConfig                         0x080037b3   Thumb Code    70  stm32f4xx_gpio.o(.text)
    RCC_DeInit                               0x08003825   Thumb Code    82  stm32f4xx_rcc.o(.text)
    RCC_HSEConfig                            0x08003877   Thumb Code    14  stm32f4xx_rcc.o(.text)
    RCC_GetFlagStatus                        0x08003885   Thumb Code    60  stm32f4xx_rcc.o(.text)
    RCC_WaitForHSEStartUp                    0x080038c1   Thumb Code    56  stm32f4xx_rcc.o(.text)
    RCC_AdjustHSICalibrationValue            0x080038f9   Thumb Code    20  stm32f4xx_rcc.o(.text)
    RCC_HSICmd                               0x0800390d   Thumb Code     6  stm32f4xx_rcc.o(.text)
    RCC_LSEConfig                            0x08003913   Thumb Code    46  stm32f4xx_rcc.o(.text)
    RCC_LSICmd                               0x08003941   Thumb Code     6  stm32f4xx_rcc.o(.text)
    RCC_PLLConfig                            0x08003947   Thumb Code    32  stm32f4xx_rcc.o(.text)
    RCC_PLLCmd                               0x08003967   Thumb Code     6  stm32f4xx_rcc.o(.text)
    RCC_PLLI2SConfig                         0x0800396d   Thumb Code    14  stm32f4xx_rcc.o(.text)
    RCC_PLLI2SCmd                            0x0800397b   Thumb Code     6  stm32f4xx_rcc.o(.text)
    RCC_PLLSAIConfig                         0x08003981   Thumb Code    20  stm32f4xx_rcc.o(.text)
    RCC_PLLSAICmd                            0x08003995   Thumb Code     6  stm32f4xx_rcc.o(.text)
    RCC_ClockSecuritySystemCmd               0x0800399b   Thumb Code     6  stm32f4xx_rcc.o(.text)
    RCC_MCO1Config                           0x080039a1   Thumb Code    28  stm32f4xx_rcc.o(.text)
    RCC_MCO2Config                           0x080039bd   Thumb Code    28  stm32f4xx_rcc.o(.text)
    RCC_SYSCLKConfig                         0x080039d9   Thumb Code    20  stm32f4xx_rcc.o(.text)
    RCC_GetSYSCLKSource                      0x080039ed   Thumb Code    12  stm32f4xx_rcc.o(.text)
    RCC_HCLKConfig                           0x080039f9   Thumb Code    20  stm32f4xx_rcc.o(.text)
    RCC_PCLK1Config                          0x08003a0d   Thumb Code    20  stm32f4xx_rcc.o(.text)
    RCC_PCLK2Config                          0x08003a21   Thumb Code    22  stm32f4xx_rcc.o(.text)
    RCC_GetClocksFreq                        0x08003a37   Thumb Code   222  stm32f4xx_rcc.o(.text)
    RCC_RTCCLKConfig                         0x08003b15   Thumb Code    54  stm32f4xx_rcc.o(.text)
    RCC_RTCCLKCmd                            0x08003b4b   Thumb Code     8  stm32f4xx_rcc.o(.text)
    RCC_BackupResetCmd                       0x08003b53   Thumb Code     8  stm32f4xx_rcc.o(.text)
    RCC_I2SCLKConfig                         0x08003b5b   Thumb Code     6  stm32f4xx_rcc.o(.text)
    RCC_SAIPLLI2SClkDivConfig                0x08003b61   Thumb Code    26  stm32f4xx_rcc.o(.text)
    RCC_SAIPLLSAIClkDivConfig                0x08003b7b   Thumb Code    28  stm32f4xx_rcc.o(.text)
    RCC_SAIBlockACLKConfig                   0x08003b97   Thumb Code    20  stm32f4xx_rcc.o(.text)
    RCC_SAIBlockBCLKConfig                   0x08003bab   Thumb Code    20  stm32f4xx_rcc.o(.text)
    RCC_LTDCCLKDivConfig                     0x08003bbf   Thumb Code    20  stm32f4xx_rcc.o(.text)
    RCC_TIMCLKPresConfig                     0x08003bd3   Thumb Code     6  stm32f4xx_rcc.o(.text)
    RCC_AHB1PeriphClockCmd                   0x08003bd9   Thumb Code    34  stm32f4xx_rcc.o(.text)
    RCC_AHB2PeriphClockCmd                   0x08003bfb   Thumb Code    78  stm32f4xx_rcc.o(.text)
    RCC_AHB3PeriphClockCmd                   0x08003c49   Thumb Code    34  stm32f4xx_rcc.o(.text)
    RCC_APB1PeriphClockCmd                   0x08003c6b   Thumb Code    34  stm32f4xx_rcc.o(.text)
    RCC_APB2PeriphClockCmd                   0x08003c8d   Thumb Code    34  stm32f4xx_rcc.o(.text)
    RCC_AHB1PeriphResetCmd                   0x08003caf   Thumb Code    34  stm32f4xx_rcc.o(.text)
    RCC_AHB2PeriphResetCmd                   0x08003cd1   Thumb Code    34  stm32f4xx_rcc.o(.text)
    RCC_AHB3PeriphResetCmd                   0x08003cf3   Thumb Code    34  stm32f4xx_rcc.o(.text)
    RCC_APB1PeriphResetCmd                   0x08003d15   Thumb Code    34  stm32f4xx_rcc.o(.text)
    RCC_APB2PeriphResetCmd                   0x08003d37   Thumb Code    34  stm32f4xx_rcc.o(.text)
    RCC_AHB1PeriphClockLPModeCmd             0x08003d59   Thumb Code    34  stm32f4xx_rcc.o(.text)
    RCC_AHB2PeriphClockLPModeCmd             0x08003d7b   Thumb Code    34  stm32f4xx_rcc.o(.text)
    RCC_AHB3PeriphClockLPModeCmd             0x08003d9d   Thumb Code    34  stm32f4xx_rcc.o(.text)
    RCC_APB1PeriphClockLPModeCmd             0x08003dbf   Thumb Code    34  stm32f4xx_rcc.o(.text)
    RCC_APB2PeriphClockLPModeCmd             0x08003de1   Thumb Code    34  stm32f4xx_rcc.o(.text)
    RCC_LSEModeConfig                        0x08003e03   Thumb Code    40  stm32f4xx_rcc.o(.text)
    RCC_ITConfig                             0x08003e2b   Thumb Code    34  stm32f4xx_rcc.o(.text)
    RCC_ClearFlag                            0x08003e4d   Thumb Code    18  stm32f4xx_rcc.o(.text)
    RCC_GetITStatus                          0x08003e5f   Thumb Code    22  stm32f4xx_rcc.o(.text)
    RCC_ClearITPendingBit                    0x08003e75   Thumb Code     8  stm32f4xx_rcc.o(.text)
    USART_DeInit                             0x08003e81   Thumb Code   206  stm32f4xx_usart.o(.text)
    USART_Init                               0x08003f4f   Thumb Code   204  stm32f4xx_usart.o(.text)
    USART_StructInit                         0x0800401b   Thumb Code    24  stm32f4xx_usart.o(.text)
    USART_ClockInit                          0x08004033   Thumb Code    32  stm32f4xx_usart.o(.text)
    USART_ClockStructInit                    0x08004053   Thumb Code    12  stm32f4xx_usart.o(.text)
    USART_Cmd                                0x0800405f   Thumb Code    24  stm32f4xx_usart.o(.text)
    USART_SetPrescaler                       0x08004077   Thumb Code    16  stm32f4xx_usart.o(.text)
    USART_OverSampling8Cmd                   0x08004087   Thumb Code    22  stm32f4xx_usart.o(.text)
    USART_OneBitMethodCmd                    0x0800409d   Thumb Code    24  stm32f4xx_usart.o(.text)
    USART_SendData                           0x080040b5   Thumb Code     8  stm32f4xx_usart.o(.text)
    USART_ReceiveData                        0x080040bd   Thumb Code    10  stm32f4xx_usart.o(.text)
    USART_SetAddress                         0x080040c7   Thumb Code    18  stm32f4xx_usart.o(.text)
    USART_ReceiverWakeUpCmd                  0x080040d9   Thumb Code    24  stm32f4xx_usart.o(.text)
    USART_WakeUpConfig                       0x080040f1   Thumb Code    18  stm32f4xx_usart.o(.text)
    USART_LINBreakDetectLengthConfig         0x08004103   Thumb Code    18  stm32f4xx_usart.o(.text)
    USART_LINCmd                             0x08004115   Thumb Code    24  stm32f4xx_usart.o(.text)
    USART_SendBreak                          0x0800412d   Thumb Code    10  stm32f4xx_usart.o(.text)
    USART_HalfDuplexCmd                      0x08004137   Thumb Code    24  stm32f4xx_usart.o(.text)
    USART_SetGuardTime                       0x0800414f   Thumb Code    16  stm32f4xx_usart.o(.text)
    USART_SmartCardCmd                       0x0800415f   Thumb Code    24  stm32f4xx_usart.o(.text)
    USART_SmartCardNACKCmd                   0x08004177   Thumb Code    24  stm32f4xx_usart.o(.text)
    USART_IrDAConfig                         0x0800418f   Thumb Code    18  stm32f4xx_usart.o(.text)
    USART_IrDACmd                            0x080041a1   Thumb Code    24  stm32f4xx_usart.o(.text)
    USART_DMACmd                             0x080041b9   Thumb Code    18  stm32f4xx_usart.o(.text)
    USART_ITConfig                           0x080041cb   Thumb Code    74  stm32f4xx_usart.o(.text)
    USART_GetFlagStatus                      0x08004215   Thumb Code    26  stm32f4xx_usart.o(.text)
    USART_ClearFlag                          0x0800422f   Thumb Code    18  stm32f4xx_usart.o(.text)
    USART_GetITStatus                        0x08004241   Thumb Code   118  stm32f4xx_usart.o(.text)
    USART_ClearITPendingBit                  0x080042b7   Thumb Code    30  stm32f4xx_usart.o(.text)
    RTC_WaitForSynchro                       0x080042d5   Thumb Code    92  stm32f4xx_rtc.o(.text)
    RTC_EnterInitMode                        0x08004331   Thumb Code    84  stm32f4xx_rtc.o(.text)
    RTC_DeInit                               0x08004385   Thumb Code   204  stm32f4xx_rtc.o(.text)
    RTC_ExitInitMode                         0x08004451   Thumb Code    18  stm32f4xx_rtc.o(.text)
    RTC_Init                                 0x08004463   Thumb Code    94  stm32f4xx_rtc.o(.text)
    RTC_StructInit                           0x080044c1   Thumb Code    14  stm32f4xx_rtc.o(.text)
    RTC_WriteProtectionCmd                   0x080044cf   Thumb Code    22  stm32f4xx_rtc.o(.text)
    RTC_RefClockCmd                          0x080044e5   Thumb Code    76  stm32f4xx_rtc.o(.text)
    RTC_BypassShadowCmd                      0x08004531   Thumb Code    54  stm32f4xx_rtc.o(.text)
    RTC_SetTime                              0x08004599   Thumb Code   200  stm32f4xx_rtc.o(.text)
    RTC_TimeStructInit                       0x08004661   Thumb Code    12  stm32f4xx_rtc.o(.text)
    RTC_GetTime                              0x0800466d   Thumb Code    74  stm32f4xx_rtc.o(.text)
    RTC_GetSubSecond                         0x080046b7   Thumb Code    30  stm32f4xx_rtc.o(.text)
    RTC_SetDate                              0x080046d5   Thumb Code   190  stm32f4xx_rtc.o(.text)
    RTC_DateStructInit                       0x08004793   Thumb Code    14  stm32f4xx_rtc.o(.text)
    RTC_GetDate                              0x080047a1   Thumb Code    70  stm32f4xx_rtc.o(.text)
    RTC_SetAlarm                             0x080047e7   Thumb Code   230  stm32f4xx_rtc.o(.text)
    RTC_AlarmStructInit                      0x080048cd   Thumb Code    22  stm32f4xx_rtc.o(.text)
    RTC_GetAlarm                             0x080048e3   Thumb Code   114  stm32f4xx_rtc.o(.text)
    RTC_AlarmCmd                             0x08004955   Thumb Code   112  stm32f4xx_rtc.o(.text)
    RTC_AlarmSubSecondConfig                 0x080049c5   Thumb Code    46  stm32f4xx_rtc.o(.text)
    RTC_GetAlarmSubSecond                    0x080049f3   Thumb Code    34  stm32f4xx_rtc.o(.text)
    RTC_WakeUpClockConfig                    0x08004a15   Thumb Code    42  stm32f4xx_rtc.o(.text)
    RTC_SetWakeUpCounter                     0x08004a3f   Thumb Code    22  stm32f4xx_rtc.o(.text)
    RTC_GetWakeUpCounter                     0x08004a55   Thumb Code    10  stm32f4xx_rtc.o(.text)
    RTC_WakeUpCmd                            0x08004a5f   Thumb Code   116  stm32f4xx_rtc.o(.text)
    RTC_DayLightSavingConfig                 0x08004ad3   Thumb Code    50  stm32f4xx_rtc.o(.text)
    RTC_GetStoreOperation                    0x08004b05   Thumb Code    12  stm32f4xx_rtc.o(.text)
    RTC_OutputConfig                         0x08004b11   Thumb Code    60  stm32f4xx_rtc.o(.text)
    RTC_CoarseCalibConfig                    0x08004b4d   Thumb Code    52  stm32f4xx_rtc.o(.text)
    RTC_CoarseCalibCmd                       0x08004b81   Thumb Code    76  stm32f4xx_rtc.o(.text)
    RTC_CalibOutputCmd                       0x08004bcd   Thumb Code    54  stm32f4xx_rtc.o(.text)
    RTC_CalibOutputConfig                    0x08004c03   Thumb Code    42  stm32f4xx_rtc.o(.text)
    RTC_SmoothCalibConfig                    0x08004c2d   Thumb Code    90  stm32f4xx_rtc.o(.text)
    RTC_TimeStampCmd                         0x08004c87   Thumb Code    54  stm32f4xx_rtc.o(.text)
    RTC_GetTimeStamp                         0x08004cbd   Thumb Code   144  stm32f4xx_rtc.o(.text)
    RTC_GetTimeStampSubSecond                0x08004d4d   Thumb Code     8  stm32f4xx_rtc.o(.text)
    RTC_TamperTriggerConfig                  0x08004d55   Thumb Code    38  stm32f4xx_rtc.o(.text)
    RTC_TamperCmd                            0x08004d7b   Thumb Code    34  stm32f4xx_rtc.o(.text)
    RTC_TamperFilterConfig                   0x08004d9d   Thumb Code    26  stm32f4xx_rtc.o(.text)
    RTC_TamperSamplingFreqConfig             0x08004db7   Thumb Code    26  stm32f4xx_rtc.o(.text)
    RTC_TamperPinsPrechargeDuration          0x08004dd1   Thumb Code    26  stm32f4xx_rtc.o(.text)
    RTC_TimeStampOnTamperDetectionCmd        0x08004deb   Thumb Code    38  stm32f4xx_rtc.o(.text)
    RTC_TamperPullUpCmd                      0x08004e11   Thumb Code    38  stm32f4xx_rtc.o(.text)
    RTC_WriteBackupRegister                  0x08004e37   Thumb Code    26  stm32f4xx_rtc.o(.text)
    RTC_ReadBackupRegister                   0x08004e51   Thumb Code    28  stm32f4xx_rtc.o(.text)
    RTC_TamperPinSelection                   0x08004e6d   Thumb Code    26  stm32f4xx_rtc.o(.text)
    RTC_TimeStampPinSelection                0x08004e87   Thumb Code    26  stm32f4xx_rtc.o(.text)
    RTC_OutputTypeConfig                     0x08004ea1   Thumb Code    26  stm32f4xx_rtc.o(.text)
    RTC_SynchroShiftConfig                   0x08004ebb   Thumb Code   130  stm32f4xx_rtc.o(.text)
    RTC_ITConfig                             0x08004f3d   Thumb Code    94  stm32f4xx_rtc.o(.text)
    RTC_GetFlagStatus                        0x08004f9b   Thumb Code    34  stm32f4xx_rtc.o(.text)
    RTC_ClearFlag                            0x08004fbd   Thumb Code    28  stm32f4xx_rtc.o(.text)
    RTC_GetITStatus                          0x08004fd9   Thumb Code    60  stm32f4xx_rtc.o(.text)
    RTC_ClearITPendingBit                    0x08005015   Thumb Code    32  stm32f4xx_rtc.o(.text)
    TIM_DeInit                               0x0800503d   Thumb Code   346  stm32f4xx_tim.o(.text)
    TIM_TimeBaseInit                         0x08005197   Thumb Code   104  stm32f4xx_tim.o(.text)
    TIM_TimeBaseStructInit                   0x080051ff   Thumb Code    18  stm32f4xx_tim.o(.text)
    TIM_PrescalerConfig                      0x08005211   Thumb Code     6  stm32f4xx_tim.o(.text)
    TIM_CounterModeConfig                    0x08005217   Thumb Code    18  stm32f4xx_tim.o(.text)
    TIM_SetCounter                           0x08005229   Thumb Code     4  stm32f4xx_tim.o(.text)
    TIM_SetAutoreload                        0x0800522d   Thumb Code     4  stm32f4xx_tim.o(.text)
    TIM_GetCounter                           0x08005231   Thumb Code     6  stm32f4xx_tim.o(.text)
    TIM_GetPrescaler                         0x08005237   Thumb Code     6  stm32f4xx_tim.o(.text)
    TIM_UpdateDisableConfig                  0x0800523d   Thumb Code    24  stm32f4xx_tim.o(.text)
    TIM_UpdateRequestConfig                  0x08005255   Thumb Code    24  stm32f4xx_tim.o(.text)
    TIM_ARRPreloadConfig                     0x0800526d   Thumb Code    24  stm32f4xx_tim.o(.text)
    TIM_SelectOnePulseMode                   0x08005285   Thumb Code    18  stm32f4xx_tim.o(.text)
    TIM_SetClockDivision                     0x08005297   Thumb Code    18  stm32f4xx_tim.o(.text)
    TIM_Cmd                                  0x080052a9   Thumb Code    24  stm32f4xx_tim.o(.text)
    TIM_OC1Init                              0x080052c1   Thumb Code   114  stm32f4xx_tim.o(.text)
    TIM_OC2Init                              0x08005333   Thumb Code   154  stm32f4xx_tim.o(.text)
    TIM_OC3Init                              0x080053cd   Thumb Code   204  stm32f4xx_tim.o(.text)
    TIM_OC4Init                              0x08005499   Thumb Code   112  stm32f4xx_tim.o(.text)
    TIM_OCStructInit                         0x08005509   Thumb Code    20  stm32f4xx_tim.o(.text)
    TIM_SelectOCxM                           0x0800551d   Thumb Code    86  stm32f4xx_tim.o(.text)
    TIM_SetCompare1                          0x08005573   Thumb Code     4  stm32f4xx_tim.o(.text)
    TIM_SetCompare2                          0x08005577   Thumb Code     4  stm32f4xx_tim.o(.text)
    TIM_SetCompare3                          0x0800557b   Thumb Code     4  stm32f4xx_tim.o(.text)
    TIM_SetCompare4                          0x0800557f   Thumb Code     4  stm32f4xx_tim.o(.text)
    TIM_ForcedOC1Config                      0x08005583   Thumb Code    18  stm32f4xx_tim.o(.text)
    TIM_ForcedOC2Config                      0x08005595   Thumb Code    26  stm32f4xx_tim.o(.text)
    TIM_ForcedOC3Config                      0x080055af   Thumb Code    18  stm32f4xx_tim.o(.text)
    TIM_ForcedOC4Config                      0x080055c1   Thumb Code    26  stm32f4xx_tim.o(.text)
    TIM_OC1PreloadConfig                     0x080055db   Thumb Code    18  stm32f4xx_tim.o(.text)
    TIM_OC2PreloadConfig                     0x080055ed   Thumb Code    26  stm32f4xx_tim.o(.text)
    TIM_OC3PreloadConfig                     0x08005607   Thumb Code    18  stm32f4xx_tim.o(.text)
    TIM_OC4PreloadConfig                     0x08005619   Thumb Code    26  stm32f4xx_tim.o(.text)
    TIM_OC1FastConfig                        0x08005633   Thumb Code    18  stm32f4xx_tim.o(.text)
    TIM_OC2FastConfig                        0x08005645   Thumb Code    26  stm32f4xx_tim.o(.text)
    TIM_OC3FastConfig                        0x0800565f   Thumb Code    18  stm32f4xx_tim.o(.text)
    TIM_OC4FastConfig                        0x08005671   Thumb Code    26  stm32f4xx_tim.o(.text)
    TIM_ClearOC1Ref                          0x0800568b   Thumb Code    18  stm32f4xx_tim.o(.text)
    TIM_ClearOC2Ref                          0x0800569d   Thumb Code    24  stm32f4xx_tim.o(.text)
    TIM_ClearOC3Ref                          0x080056b5   Thumb Code    18  stm32f4xx_tim.o(.text)
    TIM_ClearOC4Ref                          0x080056c7   Thumb Code    24  stm32f4xx_tim.o(.text)
    TIM_OC1PolarityConfig                    0x080056df   Thumb Code    18  stm32f4xx_tim.o(.text)
    TIM_OC1NPolarityConfig                   0x080056f1   Thumb Code    18  stm32f4xx_tim.o(.text)
    TIM_OC2PolarityConfig                    0x08005703   Thumb Code    26  stm32f4xx_tim.o(.text)
    TIM_OC2NPolarityConfig                   0x0800571d   Thumb Code    26  stm32f4xx_tim.o(.text)
    TIM_OC3PolarityConfig                    0x08005737   Thumb Code    26  stm32f4xx_tim.o(.text)
    TIM_OC3NPolarityConfig                   0x08005751   Thumb Code    26  stm32f4xx_tim.o(.text)
    TIM_OC4PolarityConfig                    0x0800576b   Thumb Code    26  stm32f4xx_tim.o(.text)
    TIM_CCxCmd                               0x08005785   Thumb Code    30  stm32f4xx_tim.o(.text)
    TIM_CCxNCmd                              0x080057a3   Thumb Code    30  stm32f4xx_tim.o(.text)
    TIM_SetIC4Prescaler                      0x080057c1   Thumb Code    26  stm32f4xx_tim.o(.text)
    TIM_SetIC3Prescaler                      0x0800582b   Thumb Code    18  stm32f4xx_tim.o(.text)
    TIM_SetIC2Prescaler                      0x08005885   Thumb Code    26  stm32f4xx_tim.o(.text)
    TIM_SetIC1Prescaler                      0x080058f9   Thumb Code    18  stm32f4xx_tim.o(.text)
    TIM_ICInit                               0x08005945   Thumb Code   110  stm32f4xx_tim.o(.text)
    TIM_ICStructInit                         0x080059b3   Thumb Code    18  stm32f4xx_tim.o(.text)
    TIM_PWMIConfig                           0x080059c5   Thumb Code   124  stm32f4xx_tim.o(.text)
    TIM_GetCapture1                          0x08005a41   Thumb Code     6  stm32f4xx_tim.o(.text)
    TIM_GetCapture2                          0x08005a47   Thumb Code     6  stm32f4xx_tim.o(.text)
    TIM_GetCapture3                          0x08005a4d   Thumb Code     6  stm32f4xx_tim.o(.text)
    TIM_GetCapture4                          0x08005a53   Thumb Code     6  stm32f4xx_tim.o(.text)
    TIM_BDTRConfig                           0x08005a59   Thumb Code    32  stm32f4xx_tim.o(.text)
    TIM_BDTRStructInit                       0x08005a79   Thumb Code    18  stm32f4xx_tim.o(.text)
    TIM_CtrlPWMOutputs                       0x08005a8b   Thumb Code    30  stm32f4xx_tim.o(.text)
    TIM_SelectCOM                            0x08005aa9   Thumb Code    24  stm32f4xx_tim.o(.text)
    TIM_CCPreloadControl                     0x08005ac1   Thumb Code    24  stm32f4xx_tim.o(.text)
    TIM_ITConfig                             0x08005ad9   Thumb Code    18  stm32f4xx_tim.o(.text)
    TIM_GenerateEvent                        0x08005aeb   Thumb Code     4  stm32f4xx_tim.o(.text)
    TIM_GetFlagStatus                        0x08005aef   Thumb Code    18  stm32f4xx_tim.o(.text)
    TIM_ClearFlag                            0x08005b01   Thumb Code     6  stm32f4xx_tim.o(.text)
    TIM_GetITStatus                          0x08005b07   Thumb Code    34  stm32f4xx_tim.o(.text)
    TIM_ClearITPendingBit                    0x08005b29   Thumb Code     6  stm32f4xx_tim.o(.text)
    TIM_DMAConfig                            0x08005b2f   Thumb Code    10  stm32f4xx_tim.o(.text)
    TIM_DMACmd                               0x08005b39   Thumb Code    18  stm32f4xx_tim.o(.text)
    TIM_SelectCCDMA                          0x08005b4b   Thumb Code    24  stm32f4xx_tim.o(.text)
    TIM_InternalClockConfig                  0x08005b63   Thumb Code    12  stm32f4xx_tim.o(.text)
    TIM_SelectInputTrigger                   0x08005b6f   Thumb Code    18  stm32f4xx_tim.o(.text)
    TIM_ITRxExternalClockConfig              0x08005b81   Thumb Code    24  stm32f4xx_tim.o(.text)
    TIM_TIxExternalClockConfig               0x08005b99   Thumb Code    62  stm32f4xx_tim.o(.text)
    TIM_ETRConfig                            0x08005bd7   Thumb Code    28  stm32f4xx_tim.o(.text)
    TIM_ETRClockMode1Config                  0x08005bf3   Thumb Code    54  stm32f4xx_tim.o(.text)
    TIM_ETRClockMode2Config                  0x08005c29   Thumb Code    32  stm32f4xx_tim.o(.text)
    TIM_SelectOutputTrigger                  0x08005c49   Thumb Code    18  stm32f4xx_tim.o(.text)
    TIM_SelectSlaveMode                      0x08005c5b   Thumb Code    18  stm32f4xx_tim.o(.text)
    TIM_SelectMasterSlaveMode                0x08005c6d   Thumb Code    18  stm32f4xx_tim.o(.text)
    TIM_EncoderInterfaceConfig               0x08005c7f   Thumb Code    66  stm32f4xx_tim.o(.text)
    TIM_SelectHallSensor                     0x08005cc1   Thumb Code    24  stm32f4xx_tim.o(.text)
    TIM_RemapConfig                          0x08005cd9   Thumb Code     6  stm32f4xx_tim.o(.text)
    PWR_DeInit                               0x08005ce1   Thumb Code    22  stm32f4xx_pwr.o(.text)
    PWR_BackupAccessCmd                      0x08005cf7   Thumb Code     6  stm32f4xx_pwr.o(.text)
    PWR_PVDLevelConfig                       0x08005cfd   Thumb Code    18  stm32f4xx_pwr.o(.text)
    PWR_PVDCmd                               0x08005d0f   Thumb Code     6  stm32f4xx_pwr.o(.text)
    PWR_WakeUpPinCmd                         0x08005d15   Thumb Code     8  stm32f4xx_pwr.o(.text)
    PWR_BackupRegulatorCmd                   0x08005d1d   Thumb Code     8  stm32f4xx_pwr.o(.text)
    PWR_MainRegulatorModeConfig              0x08005d25   Thumb Code    18  stm32f4xx_pwr.o(.text)
    PWR_OverDriveCmd                         0x08005d37   Thumb Code     6  stm32f4xx_pwr.o(.text)
    PWR_OverDriveSWCmd                       0x08005d3d   Thumb Code     6  stm32f4xx_pwr.o(.text)
    PWR_UnderDriveCmd                        0x08005d43   Thumb Code    30  stm32f4xx_pwr.o(.text)
    PWR_MainRegulatorLowVoltageCmd           0x08005d61   Thumb Code    18  stm32f4xx_pwr.o(.text)
    PWR_LowRegulatorLowVoltageCmd            0x08005d73   Thumb Code    18  stm32f4xx_pwr.o(.text)
    PWR_FlashPowerDownCmd                    0x08005d85   Thumb Code     6  stm32f4xx_pwr.o(.text)
    PWR_EnterSTOPMode                        0x08005d8b   Thumb Code    58  stm32f4xx_pwr.o(.text)
    PWR_EnterUnderDriveSTOPMode              0x08005dc5   Thumb Code    58  stm32f4xx_pwr.o(.text)
    PWR_EnterSTANDBYMode                     0x08005dff   Thumb Code    32  stm32f4xx_pwr.o(.text)
    PWR_GetFlagStatus                        0x08005e1f   Thumb Code    20  stm32f4xx_pwr.o(.text)
    PWR_ClearFlag                            0x08005e33   Thumb Code    14  stm32f4xx_pwr.o(.text)
    EXTI_DeInit                              0x08005e4d   Thumb Code    28  stm32f4xx_exti.o(.text)
    EXTI_Init                                0x08005e69   Thumb Code   142  stm32f4xx_exti.o(.text)
    EXTI_StructInit                          0x08005ef7   Thumb Code    16  stm32f4xx_exti.o(.text)
    EXTI_GenerateSWInterrupt                 0x08005f07   Thumb Code    16  stm32f4xx_exti.o(.text)
    EXTI_GetFlagStatus                       0x08005f17   Thumb Code    22  stm32f4xx_exti.o(.text)
    EXTI_ClearFlag                           0x08005f2d   Thumb Code     8  stm32f4xx_exti.o(.text)
    EXTI_GetITStatus                         0x08005f35   Thumb Code    22  stm32f4xx_exti.o(.text)
    EXTI_ClearITPendingBit                   0x08005f4b   Thumb Code     8  stm32f4xx_exti.o(.text)
    DMA_DeInit                               0x08005f5d   Thumb Code   324  stm32f4xx_dma.o(.text)
    DMA_Init                                 0x080060a1   Thumb Code    82  stm32f4xx_dma.o(.text)
    DMA_StructInit                           0x080060f3   Thumb Code    34  stm32f4xx_dma.o(.text)
    DMA_Cmd                                  0x08006115   Thumb Code    22  stm32f4xx_dma.o(.text)
    DMA_PeriphIncOffsetSizeConfig            0x0800612b   Thumb Code    22  stm32f4xx_dma.o(.text)
    DMA_FlowControllerConfig                 0x08006141   Thumb Code    22  stm32f4xx_dma.o(.text)
    DMA_SetCurrDataCounter                   0x08006157   Thumb Code     4  stm32f4xx_dma.o(.text)
    DMA_GetCurrDataCounter                   0x0800615b   Thumb Code     8  stm32f4xx_dma.o(.text)
    DMA_DoubleBufferModeConfig               0x08006163   Thumb Code    24  stm32f4xx_dma.o(.text)
    DMA_DoubleBufferModeCmd                  0x0800617b   Thumb Code    22  stm32f4xx_dma.o(.text)
    DMA_MemoryTargetConfig                   0x08006191   Thumb Code    10  stm32f4xx_dma.o(.text)
    DMA_GetCurrentMemoryTarget               0x0800619b   Thumb Code    20  stm32f4xx_dma.o(.text)
    DMA_GetCmdStatus                         0x080061af   Thumb Code    20  stm32f4xx_dma.o(.text)
    DMA_GetFIFOStatus                        0x080061c3   Thumb Code    12  stm32f4xx_dma.o(.text)
    DMA_GetFlagStatus                        0x080061cf   Thumb Code    56  stm32f4xx_dma.o(.text)
    DMA_ClearFlag                            0x08006207   Thumb Code    40  stm32f4xx_dma.o(.text)
    DMA_ITConfig                             0x0800622f   Thumb Code    58  stm32f4xx_dma.o(.text)
    DMA_GetITStatus                          0x08006269   Thumb Code    84  stm32f4xx_dma.o(.text)
    DMA_ClearITPendingBit                    0x080062bd   Thumb Code    40  stm32f4xx_dma.o(.text)
    SDIO_DeInit                              0x08006305   Thumb Code    22  stm32f4xx_sdio.o(.text)
    SDIO_Init                                0x0800631b   Thumb Code    42  stm32f4xx_sdio.o(.text)
    SDIO_StructInit                          0x08006345   Thumb Code    16  stm32f4xx_sdio.o(.text)
    SDIO_ClockCmd                            0x08006355   Thumb Code     6  stm32f4xx_sdio.o(.text)
    SDIO_SetPowerState                       0x0800635b   Thumb Code     8  stm32f4xx_sdio.o(.text)
    SDIO_GetPowerState                       0x08006363   Thumb Code    12  stm32f4xx_sdio.o(.text)
    SDIO_SendCommand                         0x0800636f   Thumb Code    42  stm32f4xx_sdio.o(.text)
    SDIO_CmdStructInit                       0x08006399   Thumb Code    14  stm32f4xx_sdio.o(.text)
    SDIO_GetCommandResponse                  0x080063a7   Thumb Code    10  stm32f4xx_sdio.o(.text)
    SDIO_GetResponse                         0x080063b1   Thumb Code    22  stm32f4xx_sdio.o(.text)
    SDIO_DataConfig                          0x080063c7   Thumb Code    48  stm32f4xx_sdio.o(.text)
    SDIO_DataStructInit                      0x080063f7   Thumb Code    20  stm32f4xx_sdio.o(.text)
    SDIO_GetDataCounter                      0x0800640b   Thumb Code     8  stm32f4xx_sdio.o(.text)
    SDIO_ReadData                            0x08006413   Thumb Code     8  stm32f4xx_sdio.o(.text)
    SDIO_WriteData                           0x0800641b   Thumb Code     8  stm32f4xx_sdio.o(.text)
    SDIO_GetFIFOCount                        0x08006423   Thumb Code     8  stm32f4xx_sdio.o(.text)
    SDIO_StartSDIOReadWait                   0x0800642b   Thumb Code     6  stm32f4xx_sdio.o(.text)
    SDIO_StopSDIOReadWait                    0x08006431   Thumb Code     8  stm32f4xx_sdio.o(.text)
    SDIO_SetSDIOReadWaitMode                 0x08006439   Thumb Code     8  stm32f4xx_sdio.o(.text)
    SDIO_SetSDIOOperation                    0x08006441   Thumb Code     8  stm32f4xx_sdio.o(.text)
    SDIO_SendSDIOSuspendCmd                  0x08006449   Thumb Code     6  stm32f4xx_sdio.o(.text)
    SDIO_CommandCompletionCmd                0x0800644f   Thumb Code     8  stm32f4xx_sdio.o(.text)
    SDIO_CEATAITCmd                          0x08006457   Thumb Code    12  stm32f4xx_sdio.o(.text)
    SDIO_SendCEATACmd                        0x08006463   Thumb Code     8  stm32f4xx_sdio.o(.text)
    SDIO_DMACmd                              0x0800646b   Thumb Code     8  stm32f4xx_sdio.o(.text)
    SDIO_ITConfig                            0x08006473   Thumb Code    34  stm32f4xx_sdio.o(.text)
    SDIO_GetFlagStatus                       0x08006495   Thumb Code    22  stm32f4xx_sdio.o(.text)
    SDIO_ClearFlag                           0x080064ab   Thumb Code     8  stm32f4xx_sdio.o(.text)
    SDIO_GetITStatus                         0x080064b3   Thumb Code    22  stm32f4xx_sdio.o(.text)
    SDIO_ClearITPendingBit                   0x080064c9   Thumb Code     8  stm32f4xx_sdio.o(.text)
    usmart_sys_cmd_exe                       0x080064e1   Thumb Code  1554  usmart.o(.text)
    usmart_reset_runtime                     0x08006af3   Thumb Code    38  usmart.o(.text)
    usmart_get_runtime                       0x08006b19   Thumb Code    60  usmart.o(.text)
    TIM4_IRQHandler                          0x08006b55   Thumb Code    46  usmart.o(.text)
    Timer4_Init                              0x08006b83   Thumb Code    86  usmart.o(.text)
    usmart_init                              0x08006bd9   Thumb Code    36  usmart.o(.text)
    usmart_cmd_rec                           0x08006bfd   Thumb Code   170  usmart.o(.text)
    usmart_exe                               0x08006ca7   Thumb Code   868  usmart.o(.text)
    usmart_scan                              0x0800700b   Thumb Code   120  usmart.o(.text)
    read_addr                                0x08007083   Thumb Code     6  usmart.o(.text)
    write_addr                               0x08007089   Thumb Code     4  usmart.o(.text)
    usmart_strcmp                            0x08007115   Thumb Code    34  usmart_str.o(.text)
    usmart_strcopy                           0x08007137   Thumb Code    22  usmart_str.o(.text)
    usmart_strlen                            0x0800714d   Thumb Code    24  usmart_str.o(.text)
    usmart_pow                               0x08007165   Thumb Code    22  usmart_str.o(.text)
    usmart_str2num                           0x0800717b   Thumb Code   202  usmart_str.o(.text)
    usmart_get_cmdname                       0x08007245   Thumb Code    54  usmart_str.o(.text)
    usmart_search_nextc                      0x0800727b   Thumb Code    22  usmart_str.o(.text)
    usmart_get_fname                         0x08007291   Thumb Code   440  usmart_str.o(.text)
    usmart_get_aparm                         0x08007449   Thumb Code   200  usmart_str.o(.text)
    usmart_get_parmpos                       0x08007511   Thumb Code    26  usmart_str.o(.text)
    usmart_get_fparam                        0x0800752b   Thumb Code   262  usmart_str.o(.text)
    mymemcpy                                 0x0800763d   Thumb Code    26  malloc.o(.text)
    mymemset                                 0x08007657   Thumb Code    20  malloc.o(.text)
    my_mem_init                              0x0800766b   Thumb Code    54  malloc.o(.text)
    my_mem_perused                           0x080076a1   Thumb Code    54  malloc.o(.text)
    my_mem_malloc                            0x080076d7   Thumb Code   154  malloc.o(.text)
    my_mem_free                              0x08007771   Thumb Code    94  malloc.o(.text)
    myfree                                   0x080077cf   Thumb Code    32  malloc.o(.text)
    mymalloc                                 0x080077ef   Thumb Code    36  malloc.o(.text)
    myrealloc                                0x08007813   Thumb Code    68  malloc.o(.text)
    atk_8266_at_response                     0x08007869   Thumb Code    46  common.o(.text)
    atk_8266_check_cmd                       0x08007897   Thumb Code    44  common.o(.text)
    atk_8266_send_cmd                        0x080078c3   Thumb Code    92  common.o(.text)
    atk_8266_send_data                       0x0800791f   Thumb Code    84  common.o(.text)
    atk_8266_quit_trans                      0x08007973   Thumb Code   100  common.o(.text)
    atk_8266_apsta_check                     0x080079d7   Thumb Code    62  common.o(.text)
    atk_8266_consta_check                    0x08007a15   Thumb Code    36  common.o(.text)
    atk_8266_get_wanip                       0x08007a39   Thumb Code    58  common.o(.text)
    atk_8266_wifista_test                    0x08007b11   Thumb Code   220  wifi_sta.o(.text)
    atk_8266_test                            0x08007bed   Thumb Code   122  wifi_sta.o(.text)
    __use_no_semihosting                     0x08007d61   Thumb Code     2  use_no_semi_2.o(.text)
    __c89vsprintf                            0x08007d65   Thumb Code    32  c89vsprintf.o(.text)
    __2printf                                0x08007d89   Thumb Code    20  __2printf.o(.text)
    __2sprintf                               0x08007da1   Thumb Code    38  __2sprintf.o(.text)
    _printf_pre_padding                      0x08007dcd   Thumb Code    44  _printf_pad.o(.text)
    _printf_post_padding                     0x08007df9   Thumb Code    34  _printf_pad.o(.text)
    _printf_str                              0x08007e1b   Thumb Code    82  _printf_str.o(.text)
    _printf_int_dec                          0x08007e6d   Thumb Code   104  _printf_dec.o(.text)
    _printf_longlong_hex                     0x08007ee5   Thumb Code    86  _printf_hex_int_ll_ptr.o(.text)
    _printf_int_hex                          0x08007f3b   Thumb Code    28  _printf_hex_int_ll_ptr.o(.text)
    _printf_ll_hex                           0x08007f57   Thumb Code    12  _printf_hex_int_ll_ptr.o(.text)
    _printf_hex_ptr                          0x08007f63   Thumb Code    18  _printf_hex_int_ll_ptr.o(.text)
    __printf                                 0x08007f79   Thumb Code   388  __printf_flags_ss_wp.o(.text)
    strstr                                   0x08008101   Thumb Code    36  strstr.o(.text)
    strlen                                   0x08008125   Thumb Code    62  strlen.o(.text)
    __aeabi_memcpy                           0x08008163   Thumb Code     0  rt_memcpy_v6.o(.text)
    __rt_memcpy                              0x08008163   Thumb Code   138  rt_memcpy_v6.o(.text)
    _memcpy_lastbytes                        0x080081c9   Thumb Code     0  rt_memcpy_v6.o(.text)
    __use_two_region_memory                  0x080081ed   Thumb Code     2  heapauxi.o(.text)
    __rt_heap_escrow$2region                 0x080081ef   Thumb Code     2  heapauxi.o(.text)
    __rt_heap_expand$2region                 0x080081f1   Thumb Code     2  heapauxi.o(.text)
    __I$use$semihosting                      0x080081f3   Thumb Code     0  use_no_semi.o(.text)
    __use_no_semihosting_swi                 0x080081f3   Thumb Code     2  use_no_semi.o(.text)
    _printf_truncate_signed                  0x080081f5   Thumb Code    18  _printf_truncate.o(.text)
    _printf_truncate_unsigned                0x08008207   Thumb Code    18  _printf_truncate.o(.text)
    _printf_int_common                       0x08008219   Thumb Code   178  _printf_intcommon.o(.text)
    _printf_charcount                        0x080082cb   Thumb Code    40  _printf_charcount.o(.text)
    _printf_char_common                      0x080082ff   Thumb Code    32  _printf_char_common.o(.text)
    _sputc                                   0x08008325   Thumb Code    10  _sputc.o(.text)
    _printf_cs_common                        0x0800832f   Thumb Code    20  _printf_char.o(.text)
    _printf_char                             0x08008343   Thumb Code    16  _printf_char.o(.text)
    _printf_string                           0x08008353   Thumb Code     8  _printf_char.o(.text)
    _printf_char_file                        0x0800835d   Thumb Code    32  _printf_char_file.o(.text)
    _printf_wctomb                           0x08008381   Thumb Code   182  _printf_wctomb.o(.text)
    _printf_longlong_dec                     0x0800843d   Thumb Code   108  _printf_longlong_dec.o(.text)
    _printf_longlong_oct                     0x080084b9   Thumb Code    66  _printf_oct_int_ll.o(.text)
    _printf_int_oct                          0x080084fb   Thumb Code    24  _printf_oct_int_ll.o(.text)
    _printf_ll_oct                           0x08008513   Thumb Code    12  _printf_oct_int_ll.o(.text)
    __aeabi_memcpy4                          0x08008529   Thumb Code     0  rt_memcpy_w.o(.text)
    __aeabi_memcpy8                          0x08008529   Thumb Code     0  rt_memcpy_w.o(.text)
    __rt_memcpy_w                            0x08008529   Thumb Code   100  rt_memcpy_w.o(.text)
    _memcpy_lastbytes_aligned                0x08008571   Thumb Code     0  rt_memcpy_w.o(.text)
    _ll_udiv10                               0x0800858d   Thumb Code   138  lludiv10.o(.text)
    __lib_sel_fp_printf                      0x08008617   Thumb Code     2  _printf_fp_dec.o(.text)
    _printf_fp_dec_real                      0x080087c9   Thumb Code   620  _printf_fp_dec.o(.text)
    _printf_lcs_common                       0x08008a35   Thumb Code    20  _printf_wchar.o(.text)
    _printf_wchar                            0x08008a49   Thumb Code    16  _printf_wchar.o(.text)
    _printf_wstring                          0x08008a59   Thumb Code     8  _printf_wchar.o(.text)
    ferror                                   0x08008a61   Thumb Code     8  ferror.o(.text)
    _wcrtomb                                 0x08008a69   Thumb Code    64  _wcrtomb.o(.text)
    __user_setup_stackheap                   0x08008aa9   Thumb Code    74  sys_stackheap_outer.o(.text)
    __rt_ctype_table                         0x08008af5   Thumb Code    16  rt_ctype_table.o(.text)
    __rt_locale                              0x08008b05   Thumb Code     8  rt_locale_intlibspace.o(.text)
    _printf_fp_infnan                        0x08008b0d   Thumb Code   112  _printf_fp_infnan.o(.text)
    _btod_etento                             0x08008b8d   Thumb Code   224  bigflt0.o(.text)
    exit                                     0x08008c71   Thumb Code    18  exit.o(.text)
    __user_libspace                          0x08008c85   Thumb Code     8  libspace.o(.text)
    __user_perproc_libspace                  0x08008c85   Thumb Code     0  libspace.o(.text)
    __user_perthread_libspace                0x08008c85   Thumb Code     0  libspace.o(.text)
    strcmp                                   0x08008c8d   Thumb Code   128  strcmpv7m.o(.text)
    _btod_d2e                                0x08008d0d   Thumb Code    62  btod.o(CL$$btod_d2e)
    _d2e_denorm_low                          0x08008d4b   Thumb Code    70  btod.o(CL$$btod_d2e_denorm_low)
    _d2e_norm_op1                            0x08008d91   Thumb Code    96  btod.o(CL$$btod_d2e_norm_op1)
    __btod_div_common                        0x08008df1   Thumb Code   696  btod.o(CL$$btod_div_common)
    _e2e                                     0x08009129   Thumb Code   220  btod.o(CL$$btod_e2e)
    _btod_ediv                               0x08009205   Thumb Code    42  btod.o(CL$$btod_ediv)
    _btod_emul                               0x0800922f   Thumb Code    42  btod.o(CL$$btod_emul)
    __btod_mult_common                       0x08009259   Thumb Code   580  btod.o(CL$$btod_mult_common)
    __ARM_fpclassify                         0x0800949d   Thumb Code    48  fpclassify.o(i.__ARM_fpclassify)
    _is_digit                                0x080094cd   Thumb Code    14  __printf_wp.o(i._is_digit)
    _get_lc_numeric                          0x080094dd   Thumb Code    44  lc_numeric_c.o(locale$$code)
    _get_lc_ctype                            0x08009509   Thumb Code    44  lc_ctype_c.o(locale$$code)
    _fp_init                                 0x08009535   Thumb Code    10  fpinit.o(x$fpl$fpinit)
    __fplib_config_fpu_vfp                   0x0800953d   Thumb Code     0  fpinit.o(x$fpl$fpinit)
    __fplib_config_pureend_doubles           0x0800953d   Thumb Code     0  fpinit.o(x$fpl$fpinit)
    _printf_fp_dec                           0x0800953f   Thumb Code     4  printf1.o(x$fpl$printf1)
    __I$use$fp                               0x08009542   Number         0  usenofp.o(x$fpl$usenofp)
    asc2_1206                                0x08009542   Data        1140  oled.o(.constdata)
    asc2_1608                                0x080099b6   Data        1520  oled.o(.constdata)
    asc2_2412                                0x08009fa6   Data        3420  oled.o(.constdata)
    memtblsize                               0x0800ad04   Data          12  malloc.o(.constdata)
    memblksize                               0x0800ad10   Data          12  malloc.o(.constdata)
    memsize                                  0x0800ad1c   Data          12  malloc.o(.constdata)
    Region$$Table$$Base                      0x0800af80   Number         0  anon$$obj.o(Region$$Table)
    Region$$Table$$Limit                     0x0800afa0   Number         0  anon$$obj.o(Region$$Table)
    __ctype                                  0x0800afc9   Data           0  lc_ctype_c.o(locale$$data)
    mem3base                                 0x10000000   Data       61440  malloc.o(.ARM.__AT_0x10000000)
    mem3mapbase                              0x1000f000   Data        3840  malloc.o(.ARM.__AT_0x1000F000)
    SystemCoreClock                          0x20000000   Data           4  system_stm32f4xx.o(.data)
    AHBPrescTable                            0x20000004   Data          16  system_stm32f4xx.o(.data)
    NVIC_InitStructure                       0x20000014   Data           4  rtc.o(.data)
    voice_flag                               0x20000018   Data           1  rtc.o(.data)
    RTC_TimeStruct                           0x20000019   Data           4  rtc.o(.data)
    RTC_DateStruct                           0x2000001d   Data           4  rtc.o(.data)
    t1                                       0x20000021   Data           1  rtc.o(.data)
    i                                        0x20000022   Data           1  rtc.o(.data)
    temp                                     0x20000023   Data           5  rtc.o(.data)
    temp2                                    0x20000028   Data           4  rtc.o(.data)
    TransferError                            0x20000036   Data           1  sdio_sdcard.o(.data)
    TransferEnd                              0x20000037   Data           1  sdio_sdcard.o(.data)
    tempbuff                                 0x20000038   Data           4  sdio_sdcard.o(.data)
    USART3_RX_STA                            0x2000003e   Data           2  usart3.o(.data)
    RX_Buffer                                0x20000044   Data           6  usart.o(.data)
    Uart_RecvFlag                            0x2000004a   Data           1  usart.o(.data)
    RX_Counter                               0x2000004b   Data           1  usart.o(.data)
    __stdout                                 0x2000004c   Data           4  usart.o(.data)
    USART_RX_STA                             0x20000050   Data           2  usart.o(.data)
    sys_cmd_tab                              0x20000064   Data          28  usmart.o(.data)
    usmart_nametab                           0x20000080   Data          64  usmart_config.o(.data)
    usmart_dev                               0x200000c0   Data         244  usmart_config.o(.data)
    mallco_dev                               0x200001b4   Data          36  malloc.o(.data)
    portnum                                  0x200001d8   Data           4  wifi_sta.o(.data)
    wifista_ssid                             0x200001dc   Data           4  wifi_sta.o(.data)
    wifista_encryption                       0x200001e0   Data           4  wifi_sta.o(.data)
    wifista_password                         0x200001e4   Data           4  wifi_sta.o(.data)
    netpro                                   0x200001e8   Data           1  wifi_sta.o(.data)
    OLED_GRAM                                0x200001ec   Data        1024  oled.o(.bss)
    tbuf                                     0x200005ec   Data          40  rtc.o(.bss)
    SDIO_InitStructure                       0x20000618   Data          24  sdio_sdcard.o(.bss)
    SDIO_CmdInitStructure                    0x20000630   Data          20  sdio_sdcard.o(.bss)
    SDIO_DataInitStructure                   0x20000644   Data          24  sdio_sdcard.o(.bss)
    SDCardInfo                               0x20000680   Data          88  sdio_sdcard.o(.bss)
    SDIO_DATA_BUFFER                         0x200006d8   Data         512  sdio_sdcard.o(.bss)
    USART3_TX_BUF                            0x200008d8   Data         400  usart3.o(.bss)
    USART3_RX_BUF                            0x20000a68   Data         400  usart3.o(.bss)
    USART_RX_BUF                             0x20000bf8   Data         200  usart.o(.bss)
    mem1base                                 0x20000cc0   Data       102400  malloc.o(.bss)
    mem1mapbase                              0x20019cc0   Data        6400  malloc.o(.bss)
    __libspace_start                         0x2001b5c0   Data          96  libspace.o(.bss)
    __temporary_stack_top$libspace           0x2001b620   Data           0  libspace.o(.bss)
    mem2base                                 0x68000000   Data       983040  malloc.o(.ARM.__AT_0x68000000)
    mem2mapbase                              0x680f0000   Data       61440  malloc.o(.ARM.__AT_0x680F0000)



==============================================================================

Memory Map of the image

  Image Entry point : 0x08000189

  Load Region LR_IROM1 (Base: 0x08000000, Size: 0x0000b2b8, Max: 0x00100000, ABSOLUTE, COMPRESSED[0x0000b174])

    Execution Region ER_IROM1 (Exec base: 0x08000000, Load base: 0x08000000, Size: 0x0000b0cc, Max: 0x00100000, ABSOLUTE)

    Exec Addr    Load Addr    Size         Type   Attr      Idx    E Section Name        Object

    0x08000000   0x08000000   0x00000188   Data   RO          557    RESET               startup_stm32f40_41xxx.o
    0x08000188   0x08000188   0x00000008   Code   RO         1037  * !!!main             c_w.l(__main.o)
    0x08000190   0x08000190   0x00000034   Code   RO         1302    !!!scatter          c_w.l(__scatter.o)
    0x080001c4   0x080001c4   0x0000005a   Code   RO         1300    !!dczerorl2         c_w.l(__dczerorl2.o)
    0x0800021e   0x0800021e   0x00000002   PAD
    0x08000220   0x08000220   0x0000001c   Code   RO         1304    !!handler_zi        c_w.l(__scatter_zi.o)
    0x0800023c   0x0800023c   0x00000000   Code   RO         1028    .ARM.Collect$$_printf_percent$$00000000  c_w.l(_printf_percent.o)
    0x0800023c   0x0800023c   0x00000006   Code   RO         1067    .ARM.Collect$$_printf_percent$$00000001  c_w.l(_printf_n.o)
    0x08000242   0x08000242   0x00000006   Code   RO         1068    .ARM.Collect$$_printf_percent$$00000002  c_w.l(_printf_p.o)
    0x08000248   0x08000248   0x00000006   Code   RO         1071    .ARM.Collect$$_printf_percent$$00000003  c_w.l(_printf_f.o)
    0x0800024e   0x0800024e   0x00000006   Code   RO         1072    .ARM.Collect$$_printf_percent$$00000004  c_w.l(_printf_e.o)
    0x08000254   0x08000254   0x00000006   Code   RO         1073    .ARM.Collect$$_printf_percent$$00000005  c_w.l(_printf_g.o)
    0x0800025a   0x0800025a   0x00000006   Code   RO         1074    .ARM.Collect$$_printf_percent$$00000006  c_w.l(_printf_a.o)
    0x08000260   0x08000260   0x0000000a   Code   RO         1079    .ARM.Collect$$_printf_percent$$00000007  c_w.l(_printf_ll.o)
    0x0800026a   0x0800026a   0x00000006   Code   RO         1070    .ARM.Collect$$_printf_percent$$00000008  c_w.l(_printf_i.o)
    0x08000270   0x08000270   0x00000006   Code   RO         1026    .ARM.Collect$$_printf_percent$$00000009  c_w.l(_printf_d.o)
    0x08000276   0x08000276   0x00000006   Code   RO         1027    .ARM.Collect$$_printf_percent$$0000000A  c_w.l(_printf_u.o)
    0x0800027c   0x0800027c   0x00000006   Code   RO         1069    .ARM.Collect$$_printf_percent$$0000000B  c_w.l(_printf_o.o)
    0x08000282   0x08000282   0x00000006   Code   RO         1025    .ARM.Collect$$_printf_percent$$0000000C  c_w.l(_printf_x.o)
    0x08000288   0x08000288   0x00000006   Code   RO         1076    .ARM.Collect$$_printf_percent$$0000000D  c_w.l(_printf_lli.o)
    0x0800028e   0x0800028e   0x00000006   Code   RO         1077    .ARM.Collect$$_printf_percent$$0000000E  c_w.l(_printf_lld.o)
    0x08000294   0x08000294   0x00000006   Code   RO         1078    .ARM.Collect$$_printf_percent$$0000000F  c_w.l(_printf_llu.o)
    0x0800029a   0x0800029a   0x00000006   Code   RO         1083    .ARM.Collect$$_printf_percent$$00000010  c_w.l(_printf_llo.o)
    0x080002a0   0x080002a0   0x00000006   Code   RO         1084    .ARM.Collect$$_printf_percent$$00000011  c_w.l(_printf_llx.o)
    0x080002a6   0x080002a6   0x0000000a   Code   RO         1080    .ARM.Collect$$_printf_percent$$00000012  c_w.l(_printf_l.o)
    0x080002b0   0x080002b0   0x00000006   Code   RO         1023    .ARM.Collect$$_printf_percent$$00000013  c_w.l(_printf_c.o)
    0x080002b6   0x080002b6   0x00000006   Code   RO         1024    .ARM.Collect$$_printf_percent$$00000014  c_w.l(_printf_s.o)
    0x080002bc   0x080002bc   0x00000006   Code   RO         1081    .ARM.Collect$$_printf_percent$$00000015  c_w.l(_printf_lc.o)
    0x080002c2   0x080002c2   0x00000006   Code   RO         1082    .ARM.Collect$$_printf_percent$$00000016  c_w.l(_printf_ls.o)
    0x080002c8   0x080002c8   0x00000004   Code   RO         1075    .ARM.Collect$$_printf_percent$$00000017  c_w.l(_printf_percent_end.o)
    0x080002cc   0x080002cc   0x00000002   Code   RO         1164    .ARM.Collect$$libinit$$00000000  c_w.l(libinit.o)
    0x080002ce   0x080002ce   0x00000004   Code   RO         1180    .ARM.Collect$$libinit$$00000001  c_w.l(libinit2.o)
    0x080002d2   0x080002d2   0x00000000   Code   RO         1183    .ARM.Collect$$libinit$$00000004  c_w.l(libinit2.o)
    0x080002d2   0x080002d2   0x00000000   Code   RO         1186    .ARM.Collect$$libinit$$0000000A  c_w.l(libinit2.o)
    0x080002d2   0x080002d2   0x00000000   Code   RO         1188    .ARM.Collect$$libinit$$0000000C  c_w.l(libinit2.o)
    0x080002d2   0x080002d2   0x00000000   Code   RO         1190    .ARM.Collect$$libinit$$0000000E  c_w.l(libinit2.o)
    0x080002d2   0x080002d2   0x00000006   Code   RO         1191    .ARM.Collect$$libinit$$0000000F  c_w.l(libinit2.o)
    0x080002d8   0x080002d8   0x00000000   Code   RO         1193    .ARM.Collect$$libinit$$00000011  c_w.l(libinit2.o)
    0x080002d8   0x080002d8   0x0000000c   Code   RO         1194    .ARM.Collect$$libinit$$00000012  c_w.l(libinit2.o)
    0x080002e4   0x080002e4   0x00000000   Code   RO         1195    .ARM.Collect$$libinit$$00000013  c_w.l(libinit2.o)
    0x080002e4   0x080002e4   0x00000000   Code   RO         1197    .ARM.Collect$$libinit$$00000015  c_w.l(libinit2.o)
    0x080002e4   0x080002e4   0x0000000a   Code   RO         1198    .ARM.Collect$$libinit$$00000016  c_w.l(libinit2.o)
    0x080002ee   0x080002ee   0x00000000   Code   RO         1199    .ARM.Collect$$libinit$$00000017  c_w.l(libinit2.o)
    0x080002ee   0x080002ee   0x00000000   Code   RO         1201    .ARM.Collect$$libinit$$00000019  c_w.l(libinit2.o)
    0x080002ee   0x080002ee   0x00000000   Code   RO         1203    .ARM.Collect$$libinit$$0000001B  c_w.l(libinit2.o)
    0x080002ee   0x080002ee   0x00000000   Code   RO         1205    .ARM.Collect$$libinit$$0000001D  c_w.l(libinit2.o)
    0x080002ee   0x080002ee   0x00000000   Code   RO         1207    .ARM.Collect$$libinit$$0000001F  c_w.l(libinit2.o)
    0x080002ee   0x080002ee   0x00000000   Code   RO         1209    .ARM.Collect$$libinit$$00000021  c_w.l(libinit2.o)
    0x080002ee   0x080002ee   0x00000000   Code   RO         1211    .ARM.Collect$$libinit$$00000023  c_w.l(libinit2.o)
    0x080002ee   0x080002ee   0x00000000   Code   RO         1213    .ARM.Collect$$libinit$$00000025  c_w.l(libinit2.o)
    0x080002ee   0x080002ee   0x00000000   Code   RO         1217    .ARM.Collect$$libinit$$0000002C  c_w.l(libinit2.o)
    0x080002ee   0x080002ee   0x00000000   Code   RO         1219    .ARM.Collect$$libinit$$0000002E  c_w.l(libinit2.o)
    0x080002ee   0x080002ee   0x00000000   Code   RO         1221    .ARM.Collect$$libinit$$00000030  c_w.l(libinit2.o)
    0x080002ee   0x080002ee   0x00000000   Code   RO         1223    .ARM.Collect$$libinit$$00000032  c_w.l(libinit2.o)
    0x080002ee   0x080002ee   0x00000002   Code   RO         1224    .ARM.Collect$$libinit$$00000033  c_w.l(libinit2.o)
    0x080002f0   0x080002f0   0x00000002   Code   RO         1242    .ARM.Collect$$libshutdown$$00000000  c_w.l(libshutdown.o)
    0x080002f2   0x080002f2   0x00000000   Code   RO         1252    .ARM.Collect$$libshutdown$$00000002  c_w.l(libshutdown2.o)
    0x080002f2   0x080002f2   0x00000000   Code   RO         1254    .ARM.Collect$$libshutdown$$00000004  c_w.l(libshutdown2.o)
    0x080002f2   0x080002f2   0x00000000   Code   RO         1257    .ARM.Collect$$libshutdown$$00000007  c_w.l(libshutdown2.o)
    0x080002f2   0x080002f2   0x00000000   Code   RO         1260    .ARM.Collect$$libshutdown$$0000000A  c_w.l(libshutdown2.o)
    0x080002f2   0x080002f2   0x00000000   Code   RO         1262    .ARM.Collect$$libshutdown$$0000000C  c_w.l(libshutdown2.o)
    0x080002f2   0x080002f2   0x00000000   Code   RO         1265    .ARM.Collect$$libshutdown$$0000000F  c_w.l(libshutdown2.o)
    0x080002f2   0x080002f2   0x00000002   Code   RO         1266    .ARM.Collect$$libshutdown$$00000010  c_w.l(libshutdown2.o)
    0x080002f4   0x080002f4   0x00000000   Code   RO         1041    .ARM.Collect$$rtentry$$00000000  c_w.l(__rtentry.o)
    0x080002f4   0x080002f4   0x00000000   Code   RO         1090    .ARM.Collect$$rtentry$$00000002  c_w.l(__rtentry2.o)
    0x080002f4   0x080002f4   0x00000006   Code   RO         1102    .ARM.Collect$$rtentry$$00000004  c_w.l(__rtentry4.o)
    0x080002fa   0x080002fa   0x00000000   Code   RO         1092    .ARM.Collect$$rtentry$$00000009  c_w.l(__rtentry2.o)
    0x080002fa   0x080002fa   0x00000004   Code   RO         1093    .ARM.Collect$$rtentry$$0000000A  c_w.l(__rtentry2.o)
    0x080002fe   0x080002fe   0x00000000   Code   RO         1095    .ARM.Collect$$rtentry$$0000000C  c_w.l(__rtentry2.o)
    0x080002fe   0x080002fe   0x00000008   Code   RO         1096    .ARM.Collect$$rtentry$$0000000D  c_w.l(__rtentry2.o)
    0x08000306   0x08000306   0x00000002   Code   RO         1173    .ARM.Collect$$rtexit$$00000000  c_w.l(rtexit.o)
    0x08000308   0x08000308   0x00000000   Code   RO         1226    .ARM.Collect$$rtexit$$00000002  c_w.l(rtexit2.o)
    0x08000308   0x08000308   0x00000004   Code   RO         1227    .ARM.Collect$$rtexit$$00000003  c_w.l(rtexit2.o)
    0x0800030c   0x0800030c   0x00000006   Code   RO         1228    .ARM.Collect$$rtexit$$00000004  c_w.l(rtexit2.o)
    0x08000312   0x08000312   0x00000002   PAD
    0x08000314   0x08000314   0x00000010   Code   RO          508    .emb_text           sys.o
    0x08000324   0x08000324   0x000001fc   Code   RO            3    .text               main.o
    0x08000520   0x08000520   0x0000001a   Code   RO          192    .text               stm32f4xx_it.o
    0x0800053a   0x0800053a   0x00000002   PAD
    0x0800053c   0x0800053c   0x00000210   Code   RO          241    .text               system_stm32f4xx.o
    0x0800074c   0x0800074c   0x0000003c   Code   RO          267    .text               led.o
    0x08000788   0x08000788   0x00000514   Code   RO          287    .text               oled.o
    0x08000c9c   0x08000c9c   0x00000070   Code   RO          315    .text               voice.o
    0x08000d0c   0x08000d0c   0x00000498   Code   RO          332    .text               rtc.o
    0x080011a4   0x080011a4   0x00001d60   Code   RO          376    .text               sdio_sdcard.o
    0x08002f04   0x08002f04   0x00000104   Code   RO          407    .text               key.o
    0x08003008   0x08003008   0x00000188   Code   RO          428    .text               usart3.o
    0x08003190   0x08003190   0x00000080   Code   RO          465    .text               timer.o
    0x08003210   0x08003210   0x00000104   Code   RO          486    .text               delay.o
    0x08003314   0x08003314   0x0000015c   Code   RO          526    .text               usart.o
    0x08003470   0x08003470   0x00000040   Code   RO          558    .text               startup_stm32f40_41xxx.o
    0x080034b0   0x080034b0   0x000000e0   Code   RO          564    .text               misc.o
    0x08003590   0x08003590   0x00000294   Code   RO          584    .text               stm32f4xx_gpio.o
    0x08003824   0x08003824   0x0000065c   Code   RO          604    .text               stm32f4xx_rcc.o
    0x08003e80   0x08003e80   0x00000454   Code   RO          626    .text               stm32f4xx_usart.o
    0x080042d4   0x080042d4   0x00000d68   Code   RO          666    .text               stm32f4xx_rtc.o
    0x0800503c   0x0800503c   0x00000ca2   Code   RO          709    .text               stm32f4xx_tim.o
    0x08005cde   0x08005cde   0x00000002   PAD
    0x08005ce0   0x08005ce0   0x0000016c   Code   RO          729    .text               stm32f4xx_pwr.o
    0x08005e4c   0x08005e4c   0x00000110   Code   RO          749    .text               stm32f4xx_exti.o
    0x08005f5c   0x08005f5c   0x000003a8   Code   RO          769    .text               stm32f4xx_dma.o
    0x08006304   0x08006304   0x000001dc   Code   RO          789    .text               stm32f4xx_sdio.o
    0x080064e0   0x080064e0   0x00000c34   Code   RO          809    .text               usmart.o
    0x08007114   0x08007114   0x00000528   Code   RO          854    .text               usmart_str.o
    0x0800763c   0x0800763c   0x0000022c   Code   RO          874    .text               malloc.o
    0x08007868   0x08007868   0x000002a8   Code   RO          906    .text               common.o
    0x08007b10   0x08007b10   0x00000250   Code   RO          934    .text               wifi_sta.o
    0x08007d60   0x08007d60   0x00000002   Code   RO          962    .text               c_w.l(use_no_semi_2.o)
    0x08007d62   0x08007d62   0x00000002   PAD
    0x08007d64   0x08007d64   0x00000024   Code   RO          964    .text               c_w.l(c89vsprintf.o)
    0x08007d88   0x08007d88   0x00000018   Code   RO          966    .text               c_w.l(__2printf.o)
    0x08007da0   0x08007da0   0x0000002c   Code   RO          968    .text               c_w.l(__2sprintf.o)
    0x08007dcc   0x08007dcc   0x0000004e   Code   RO          976    .text               c_w.l(_printf_pad.o)
    0x08007e1a   0x08007e1a   0x00000052   Code   RO          978    .text               c_w.l(_printf_str.o)
    0x08007e6c   0x08007e6c   0x00000078   Code   RO          980    .text               c_w.l(_printf_dec.o)
    0x08007ee4   0x08007ee4   0x00000094   Code   RO         1000    .text               c_w.l(_printf_hex_int_ll_ptr.o)
    0x08007f78   0x08007f78   0x00000188   Code   RO         1020    .text               c_w.l(__printf_flags_ss_wp.o)
    0x08008100   0x08008100   0x00000024   Code   RO         1029    .text               c_w.l(strstr.o)
    0x08008124   0x08008124   0x0000003e   Code   RO         1031    .text               c_w.l(strlen.o)
    0x08008162   0x08008162   0x0000008a   Code   RO         1033    .text               c_w.l(rt_memcpy_v6.o)
    0x080081ec   0x080081ec   0x00000006   Code   RO         1035    .text               c_w.l(heapauxi.o)
    0x080081f2   0x080081f2   0x00000002   Code   RO         1039    .text               c_w.l(use_no_semi.o)
    0x080081f4   0x080081f4   0x00000024   Code   RO         1042    .text               c_w.l(_printf_truncate.o)
    0x08008218   0x08008218   0x000000b2   Code   RO         1044    .text               c_w.l(_printf_intcommon.o)
    0x080082ca   0x080082ca   0x00000028   Code   RO         1046    .text               c_w.l(_printf_charcount.o)
    0x080082f2   0x080082f2   0x00000002   PAD
    0x080082f4   0x080082f4   0x00000030   Code   RO         1048    .text               c_w.l(_printf_char_common.o)
    0x08008324   0x08008324   0x0000000a   Code   RO         1050    .text               c_w.l(_sputc.o)
    0x0800832e   0x0800832e   0x0000002c   Code   RO         1052    .text               c_w.l(_printf_char.o)
    0x0800835a   0x0800835a   0x00000002   PAD
    0x0800835c   0x0800835c   0x00000024   Code   RO         1054    .text               c_w.l(_printf_char_file.o)
    0x08008380   0x08008380   0x000000bc   Code   RO         1056    .text               c_w.l(_printf_wctomb.o)
    0x0800843c   0x0800843c   0x0000007c   Code   RO         1059    .text               c_w.l(_printf_longlong_dec.o)
    0x080084b8   0x080084b8   0x00000070   Code   RO         1065    .text               c_w.l(_printf_oct_int_ll.o)
    0x08008528   0x08008528   0x00000064   Code   RO         1085    .text               c_w.l(rt_memcpy_w.o)
    0x0800858c   0x0800858c   0x0000008a   Code   RO         1104    .text               c_w.l(lludiv10.o)
    0x08008616   0x08008616   0x0000041e   Code   RO         1106    .text               c_w.l(_printf_fp_dec.o)
    0x08008a34   0x08008a34   0x0000002c   Code   RO         1110    .text               c_w.l(_printf_wchar.o)
    0x08008a60   0x08008a60   0x00000008   Code   RO         1112    .text               c_w.l(ferror.o)
    0x08008a68   0x08008a68   0x00000040   Code   RO         1116    .text               c_w.l(_wcrtomb.o)
    0x08008aa8   0x08008aa8   0x0000004a   Code   RO         1118    .text               c_w.l(sys_stackheap_outer.o)
    0x08008af2   0x08008af2   0x00000002   PAD
    0x08008af4   0x08008af4   0x00000010   Code   RO         1120    .text               c_w.l(rt_ctype_table.o)
    0x08008b04   0x08008b04   0x00000008   Code   RO         1125    .text               c_w.l(rt_locale_intlibspace.o)
    0x08008b0c   0x08008b0c   0x00000080   Code   RO         1127    .text               c_w.l(_printf_fp_infnan.o)
    0x08008b8c   0x08008b8c   0x000000e4   Code   RO         1129    .text               c_w.l(bigflt0.o)
    0x08008c70   0x08008c70   0x00000012   Code   RO         1157    .text               c_w.l(exit.o)
    0x08008c82   0x08008c82   0x00000002   PAD
    0x08008c84   0x08008c84   0x00000008   Code   RO         1170    .text               c_w.l(libspace.o)
    0x08008c8c   0x08008c8c   0x00000080   Code   RO         1178    .text               c_w.l(strcmpv7m.o)
    0x08008d0c   0x08008d0c   0x0000003e   Code   RO         1132    CL$$btod_d2e        c_w.l(btod.o)
    0x08008d4a   0x08008d4a   0x00000046   Code   RO         1134    CL$$btod_d2e_denorm_low  c_w.l(btod.o)
    0x08008d90   0x08008d90   0x00000060   Code   RO         1133    CL$$btod_d2e_norm_op1  c_w.l(btod.o)
    0x08008df0   0x08008df0   0x00000338   Code   RO         1142    CL$$btod_div_common  c_w.l(btod.o)
    0x08009128   0x08009128   0x000000dc   Code   RO         1139    CL$$btod_e2e        c_w.l(btod.o)
    0x08009204   0x08009204   0x0000002a   Code   RO         1136    CL$$btod_ediv       c_w.l(btod.o)
    0x0800922e   0x0800922e   0x0000002a   Code   RO         1135    CL$$btod_emul       c_w.l(btod.o)
    0x08009258   0x08009258   0x00000244   Code   RO         1141    CL$$btod_mult_common  c_w.l(btod.o)
    0x0800949c   0x0800949c   0x00000030   Code   RO         1168    i.__ARM_fpclassify  m_wm.l(fpclassify.o)
    0x080094cc   0x080094cc   0x0000000e   Code   RO         1013    i._is_digit         c_w.l(__printf_wp.o)
    0x080094da   0x080094da   0x00000002   PAD
    0x080094dc   0x080094dc   0x0000002c   Code   RO         1155    locale$$code        c_w.l(lc_numeric_c.o)
    0x08009508   0x08009508   0x0000002c   Code   RO         1176    locale$$code        c_w.l(lc_ctype_c.o)
    0x08009534   0x08009534   0x0000000a   Code   RO         1234    x$fpl$fpinit        fz_wm.l(fpinit.o)
    0x0800953e   0x0800953e   0x00000004   Code   RO         1087    x$fpl$printf1       fz_wm.l(printf1.o)
    0x08009542   0x08009542   0x00000000   Code   RO         1167    x$fpl$usenofp       fz_wm.l(usenofp.o)
    0x08009542   0x08009542   0x000017c0   Data   RO          289    .constdata          oled.o
    0x0800ad02   0x0800ad02   0x00000002   PAD
    0x0800ad04   0x0800ad04   0x00000024   Data   RO          880    .constdata          malloc.o
    0x0800ad28   0x0800ad28   0x00000028   Data   RO         1001    .constdata          c_w.l(_printf_hex_int_ll_ptr.o)
    0x0800ad50   0x0800ad50   0x00000011   Data   RO         1021    .constdata          c_w.l(__printf_flags_ss_wp.o)
    0x0800ad61   0x0800ad61   0x00000003   PAD
    0x0800ad64   0x0800ad64   0x00000008   Data   RO         1057    .constdata          c_w.l(_printf_wctomb.o)
    0x0800ad6c   0x0800ad6c   0x00000094   Data   RO         1130    .constdata          c_w.l(bigflt0.o)
    0x0800ae00   0x0800ae00   0x00000028   Data   RO          810    .conststring        usmart.o
    0x0800ae28   0x0800ae28   0x0000012a   Data   RO          833    .conststring        usmart_config.o
    0x0800af52   0x0800af52   0x00000002   PAD
    0x0800af54   0x0800af54   0x0000002c   Data   RO          935    .conststring        wifi_sta.o
    0x0800af80   0x0800af80   0x00000020   Data   RO         1298    Region$$Table       anon$$obj.o
    0x0800afa0   0x0800afa0   0x0000001c   Data   RO         1154    locale$$data        c_w.l(lc_numeric_c.o)
    0x0800afbc   0x0800afbc   0x00000110   Data   RO         1175    locale$$data        c_w.l(lc_ctype_c.o)


    Execution Region RW_IRAM1 (Exec base: 0x20000000, Load base: 0x0800b0cc, Size: 0x0001bc20, Max: 0x00020000, ABSOLUTE, COMPRESSED[0x000000a8])

    Exec Addr    Load Addr    Size         Type   Attr      Idx    E Section Name        Object

    0x20000000   COMPRESSED   0x00000014   Data   RW          242    .data               system_stm32f4xx.o
    0x20000014   COMPRESSED   0x00000018   Data   RW          334    .data               rtc.o
    0x2000002c   COMPRESSED   0x00000010   Data   RW          378    .data               sdio_sdcard.o
    0x2000003c   COMPRESSED   0x00000001   Data   RW          408    .data               key.o
    0x2000003d   COMPRESSED   0x00000001   PAD
    0x2000003e   COMPRESSED   0x00000002   Data   RW          430    .data               usart3.o
    0x20000040   COMPRESSED   0x00000004   Data   RW          487    .data               delay.o
    0x20000044   COMPRESSED   0x0000000e   Data   RW          528    .data               usart.o
    0x20000052   COMPRESSED   0x00000010   Data   RW          605    .data               stm32f4xx_rcc.o
    0x20000062   COMPRESSED   0x00000002   PAD
    0x20000064   COMPRESSED   0x0000001c   Data   RW          811    .data               usmart.o
    0x20000080   COMPRESSED   0x00000134   Data   RW          834    .data               usmart_config.o
    0x200001b4   COMPRESSED   0x00000024   Data   RW          881    .data               malloc.o
    0x200001d8   COMPRESSED   0x00000011   Data   RW          936    .data               wifi_sta.o
    0x200001e9   COMPRESSED   0x00000003   PAD
    0x200001ec        -       0x00000400   Zero   RW          288    .bss                oled.o
    0x200005ec        -       0x00000028   Zero   RW          333    .bss                rtc.o
    0x20000614   COMPRESSED   0x00000004   PAD
    0x20000618        -       0x000002c0   Zero   RW          377    .bss                sdio_sdcard.o
    0x200008d8        -       0x00000320   Zero   RW          429    .bss                usart3.o
    0x20000bf8        -       0x000000c8   Zero   RW          527    .bss                usart.o
    0x20000cc0        -       0x0001a900   Zero   RW          879    .bss                malloc.o
    0x2001b5c0        -       0x00000060   Zero   RW         1171    .bss                c_w.l(libspace.o)
    0x2001b620        -       0x00000200   Zero   RW          556    HEAP                startup_stm32f40_41xxx.o
    0x2001b820        -       0x00000400   Zero   RW          555    STACK               startup_stm32f40_41xxx.o



  Load Region LR$$.ARM.__AT_0x10000000 (Base: 0x10000000, Size: 0x00000000, Max: 0x0000f000, ABSOLUTE)

    Execution Region ER$$.ARM.__AT_0x10000000 (Exec base: 0x10000000, Load base: 0x10000000, Size: 0x0000f000, Max: 0x0000f000, ABSOLUTE, UNINIT)

    Exec Addr    Load Addr    Size         Type   Attr      Idx    E Section Name        Object

    0x10000000        -       0x0000f000   Zero   RW          875    .ARM.__AT_0x10000000  malloc.o



  Load Region LR$$.ARM.__AT_0x1000F000 (Base: 0x1000f000, Size: 0x00000000, Max: 0x00000f00, ABSOLUTE)

    Execution Region ER$$.ARM.__AT_0x1000F000 (Exec base: 0x1000f000, Load base: 0x1000f000, Size: 0x00000f00, Max: 0x00000f00, ABSOLUTE, UNINIT)

    Exec Addr    Load Addr    Size         Type   Attr      Idx    E Section Name        Object

    0x1000f000        -       0x00000f00   Zero   RW          876    .ARM.__AT_0x1000F000  malloc.o



  Load Region LR$$.ARM.__AT_0x68000000 (Base: 0x68000000, Size: 0x00000000, Max: 0x000f0000, ABSOLUTE)

    Execution Region ER$$.ARM.__AT_0x68000000 (Exec base: 0x68000000, Load base: 0x68000000, Size: 0x000f0000, Max: 0x000f0000, ABSOLUTE, UNINIT)

    Exec Addr    Load Addr    Size         Type   Attr      Idx    E Section Name        Object

    0x68000000        -       0x000f0000   Zero   RW          877    .ARM.__AT_0x68000000  malloc.o



  Load Region LR$$.ARM.__AT_0x680F0000 (Base: 0x680f0000, Size: 0x00000000, Max: 0x0000f000, ABSOLUTE)

    Execution Region ER$$.ARM.__AT_0x680F0000 (Exec base: 0x680f0000, Load base: 0x680f0000, Size: 0x0000f000, Max: 0x0000f000, ABSOLUTE, UNINIT)

    Exec Addr    Load Addr    Size         Type   Attr      Idx    E Section Name        Object

    0x680f0000        -       0x0000f000   Zero   RW          878    .ARM.__AT_0x680F0000  malloc.o


==============================================================================

Image component sizes


      Code (inc. data)   RO Data    RW Data    ZI Data      Debug   Object Name

       680        158          0          0          0       2817   common.o
       260          8          0          4          0       1465   delay.o
       260         12          0          1          0        872   key.o
        60          4          0          0          0        519   led.o
       508        224          0          0          0     321188   main.o
       556         18         36         36    1218560       4957   malloc.o
       224         20          0          0          0       1801   misc.o
      1300         56       6080          0       1024       5259   oled.o
      1176        100          0         24         40       4393   rtc.o
      7520        282          0         16        704      25233   sdio_sdcard.o
        64         26        392          0       1536        824   startup_stm32f40_41xxx.o
       936         32          0          0          0       6381   stm32f4xx_dma.o
       272         10          0          0          0       2271   stm32f4xx_exti.o
       660         44          0          0          0       4145   stm32f4xx_gpio.o
        26          0          0          0          0       1214   stm32f4xx_it.o
       364         12          0          0          0       3783   stm32f4xx_pwr.o
      1628         52          0         16          0      13008   stm32f4xx_rcc.o
      3432         44          0          0          0      15420   stm32f4xx_rtc.o
       476         16          0          0          0       7404   stm32f4xx_sdio.o
      3234         60          0          0          0      23000   stm32f4xx_tim.o
      1108         34          0          0          0       7868   stm32f4xx_usart.o
        16          0          0          0          0        480   sys.o
       528         46          0         20          0       1755   system_stm32f4xx.o
       128          8          0          0          0        812   timer.o
       348         22          0         14        200       3461   usart.o
       392         26          0          2        800       2554   usart3.o
      3124       1286         40         28          0       4398   usmart.o
         0          0        298        308          0       1496   usmart_config.o
      1320         12          0          0          0       5325   usmart_str.o
       112          0          0          0          0        976   voice.o
       592        250         44         17          0       1484   wifi_sta.o

    ----------------------------------------------------------------------
     31308       2862       6926        492    1222868     476563   Object Totals
         0          0         32          0          0          0   (incl. Generated)
         4          0          4          6          4          0   (incl. Padding)

    ----------------------------------------------------------------------

      Code (inc. data)   RO Data    RW Data    ZI Data      Debug   Library Member Name

        24          4          0          0          0         84   __2printf.o
        44          6          0          0          0         84   __2sprintf.o
        90          0          0          0          0          0   __dczerorl2.o
         8          0          0          0          0         68   __main.o
       392          4         17          0          0         92   __printf_flags_ss_wp.o
        14          0          0          0          0         68   __printf_wp.o
         0          0          0          0          0          0   __rtentry.o
        12          0          0          0          0          0   __rtentry2.o
         6          0          0          0          0          0   __rtentry4.o
        52          8          0          0          0          0   __scatter.o
        28          0          0          0          0          0   __scatter_zi.o
         6          0          0          0          0          0   _printf_a.o
         6          0          0          0          0          0   _printf_c.o
        44          0          0          0          0        108   _printf_char.o
        48          6          0          0          0         96   _printf_char_common.o
        36          4          0          0          0         80   _printf_char_file.o
        40          0          0          0          0         68   _printf_charcount.o
         6          0          0          0          0          0   _printf_d.o
       120         16          0          0          0         92   _printf_dec.o
         6          0          0          0          0          0   _printf_e.o
         6          0          0          0          0          0   _printf_f.o
      1054          0          0          0          0        216   _printf_fp_dec.o
       128         16          0          0          0         84   _printf_fp_infnan.o
         6          0          0          0          0          0   _printf_g.o
       148          4         40          0          0        160   _printf_hex_int_ll_ptr.o
         6          0          0          0          0          0   _printf_i.o
       178          0          0          0          0         88   _printf_intcommon.o
        10          0          0          0          0          0   _printf_l.o
         6          0          0          0          0          0   _printf_lc.o
        10          0          0          0          0          0   _printf_ll.o
         6          0          0          0          0          0   _printf_lld.o
         6          0          0          0          0          0   _printf_lli.o
         6          0          0          0          0          0   _printf_llo.o
         6          0          0          0          0          0   _printf_llu.o
         6          0          0          0          0          0   _printf_llx.o
       124         16          0          0          0         92   _printf_longlong_dec.o
         6          0          0          0          0          0   _printf_ls.o
         6          0          0          0          0          0   _printf_n.o
         6          0          0          0          0          0   _printf_o.o
       112         10          0          0          0        124   _printf_oct_int_ll.o
         6          0          0          0          0          0   _printf_p.o
        78          0          0          0          0        108   _printf_pad.o
         0          0          0          0          0          0   _printf_percent.o
         4          0          0          0          0          0   _printf_percent_end.o
         6          0          0          0          0          0   _printf_s.o
        82          0          0          0          0         80   _printf_str.o
        36          0          0          0          0         84   _printf_truncate.o
         6          0          0          0          0          0   _printf_u.o
        44          0          0          0          0        108   _printf_wchar.o
       188          6          8          0          0         92   _printf_wctomb.o
         6          0          0          0          0          0   _printf_x.o
        10          0          0          0          0         68   _sputc.o
        64          0          0          0          0         92   _wcrtomb.o
       228          4        148          0          0         96   bigflt0.o
      1936        128          0          0          0        672   btod.o
        36          4          0          0          0         76   c89vsprintf.o
        18          0          0          0          0         80   exit.o
         8          0          0          0          0         68   ferror.o
         6          0          0          0          0        152   heapauxi.o
        44         10        272          0          0         76   lc_ctype_c.o
        44         10         28          0          0         76   lc_numeric_c.o
         2          0          0          0          0          0   libinit.o
        34          0          0          0          0          0   libinit2.o
         2          0          0          0          0          0   libshutdown.o
         2          0          0          0          0          0   libshutdown2.o
         8          4          0          0         96         68   libspace.o
       138          0          0          0          0         80   lludiv10.o
        16          4          0          0          0         76   rt_ctype_table.o
         8          4          0          0          0         68   rt_locale_intlibspace.o
       138          0          0          0          0         68   rt_memcpy_v6.o
       100          0          0          0          0         80   rt_memcpy_w.o
         2          0          0          0          0          0   rtexit.o
        10          0          0          0          0          0   rtexit2.o
       128          0          0          0          0         68   strcmpv7m.o
        62          0          0          0          0         76   strlen.o
        36          0          0          0          0         80   strstr.o
        74          0          0          0          0         80   sys_stackheap_outer.o
         2          0          0          0          0         68   use_no_semi.o
         2          0          0          0          0         68   use_no_semi_2.o
        10          0          0          0          0        116   fpinit.o
         4          0          0          0          0        116   printf1.o
         0          0          0          0          0          0   usenofp.o
        48          0          0          0          0        124   fpclassify.o

    ----------------------------------------------------------------------
      6510        268        516          0         96       4768   Library Totals
        16          0          3          0          0          0   (incl. Padding)

    ----------------------------------------------------------------------

      Code (inc. data)   RO Data    RW Data    ZI Data      Debug   Library Name

      6432        268        513          0         96       4412   c_w.l
        14          0          0          0          0        232   fz_wm.l
        48          0          0          0          0        124   m_wm.l

    ----------------------------------------------------------------------
      6510        268        516          0         96       4768   Library Totals

    ----------------------------------------------------------------------

==============================================================================


      Code (inc. data)   RO Data    RW Data    ZI Data      Debug   

     37818       3130       7442        492    1222964     472287   Grand Totals
     37818       3130       7442        168    1222964     472287   ELF Image Totals (compressed)
     37818       3130       7442        168          0          0   ROM Totals

==============================================================================

    Total RO  Size (Code + RO Data)                45260 (  44.20kB)
    Total RW  Size (RW Data + ZI Data)           1223456 (1194.78kB)
    Total ROM Size (Code + RO Data + RW Data)      45428 (  44.36kB)

==============================================================================

